Archive member included because of file (symbol)

C:\Users\Jake\workspace\libsccc\lib\libsccc-d-2017-inno.a(startup-d-2017-inno.o)
                              (__thumb_startup)
C:\Users\Jake\workspace\libsccc\lib\libsccc-d-2017-inno.a(system-d-2017-inno.o)
                              C:\Users\Jake\workspace\libsccc\lib\libsccc-d-2017-inno.a(startup-d-2017-inno.o) (SystemInit)
C:\Users\Jake\workspace\libsccc\lib\libsccc-d-2017-inno.a(fpu-d-2017-inno.o)
                              C:\Users\Jake\workspace\libsccc\lib\libsccc-d-2017-inno.a(system-d-2017-inno.o) (LibbaseK60FpuInit)
C:\Users\Jake\workspace\libsccc\lib\libsccc-d-2017-inno.a(mcg-d-2017-inno.o)
                              obj/main-d-2017-inno.o (libbase::k60::Mcg::Config::Config())
C:\Users\Jake\workspace\libsccc\lib\libsccc-d-2017-inno.a(watchdog-d-2017-inno.o)
                              C:\Users\Jake\workspace\libsccc\lib\libsccc-d-2017-inno.a(startup-d-2017-inno.o) (LibbaseK60WatchdogInit)
C:\Users\Jake\workspace\libsccc\lib\libsccc-d-2017-inno.a(dir_encoder-d-2017-inno.o)
                              obj/main-d-2017-inno.o (libsc::DirEncoder::DirEncoder(libsc::Encoder::Config const&))
C:\Users\Jake\workspace\libsccc\lib\libsccc-d-2017-inno.a(encoder-d-2017-inno.o)
                              C:\Users\Jake\workspace\libsccc\lib\libsccc-d-2017-inno.a(dir_encoder-d-2017-inno.o) (libsc::Encoder::Initializer::GetQuadDecoderConfig() const)
C:\Users\Jake\workspace\libsccc\lib\libsccc-d-2017-inno.a(joystick-d-2017-inno.o)
                              obj/main-d-2017-inno.o (libsc::Joystick::Joystick(libsc::Joystick::Config const&))
C:\Users\Jake\workspace\libsccc\lib\libsccc-d-2017-inno.a(lcd_console-d-2017-inno.o)
                              obj/main-d-2017-inno.o (libsc::LcdConsole::LcdConsole(libsc::LcdConsole::Config const&))
C:\Users\Jake\workspace\libsccc\lib\libsccc-d-2017-inno.a(lcd_typewriter-d-2017-inno.o)
                              obj/main-d-2017-inno.o (libsc::LcdTypewriter::LcdTypewriter(libsc::LcdTypewriter::Config const&))
C:\Users\Jake\workspace\libsccc\lib\libsccc-d-2017-inno.a(led-d-2017-inno.o)
                              obj/main-d-2017-inno.o (libsc::Led::Led(libsc::Led::Config const&))
C:\Users\Jake\workspace\libsccc\lib\libsccc-d-2017-inno.a(st7735r-d-2017-inno.o)
                              obj/main-d-2017-inno.o (libsc::St7735r::FillColor(unsigned short))
C:\Users\Jake\workspace\libsccc\lib\libsccc-d-2017-inno.a(jy_mcu_bt_106-d-2017-inno.o)
                              obj/main-d-2017-inno.o (libsc::k60::JyMcuBt106::JyMcuBt106(libsc::k60::UartDevice::Config const&))
C:\Users\Jake\workspace\libsccc\lib\libsccc-d-2017-inno.a(system-d-2017-inno.o)
                              obj/main-d-2017-inno.o (libsc::System::Init())
C:\Users\Jake\workspace\libsccc\lib\libsccc-d-2017-inno.a(uart_device-d-2017-inno.o)
                              C:\Users\Jake\workspace\libsccc\lib\libsccc-d-2017-inno.a(jy_mcu_bt_106-d-2017-inno.o) (libsc::k60::UartDevice::Initializer::GetUartConfig() const)
C:\Users\Jake\workspace\libsccc\lib\libsccc-d-2017-inno.a(assert-d-2017-inno.o)
                              C:\Users\Jake\workspace\libsccc\lib\libsccc-d-2017-inno.a(mcg-d-2017-inno.o) (__assert_func)
C:\Users\Jake\workspace\libsccc\lib\libsccc-d-2017-inno.a(syscall-d-2017-inno.o)
                              C:\Users\Jake\workspace\libsccc\lib\libsccc-d-2017-inno.a(startup-d-2017-inno.o) (KeepSyscallSymbols)
C:\Users\Jake\workspace\libsccc\lib\libsccc-d-2017-inno.a(vectors-d-2017-inno.o)
                              C:\Users\Jake\workspace\libsccc\lib\libsccc-d-2017-inno.a(system-d-2017-inno.o) (InitVectorTable)
C:\Users\Jake\workspace\libsccc\lib\libsccc-d-2017-inno.a(cache-d-2017-inno.o)
                              C:\Users\Jake\workspace\libsccc\lib\libsccc-d-2017-inno.a(system-d-2017-inno.o) (libbase::k60::Cache::Cache())
C:\Users\Jake\workspace\libsccc\lib\libsccc-d-2017-inno.a(dma-d-2017-inno.o)
                              C:\Users\Jake\workspace\libsccc\lib\libsccc-d-2017-inno.a(uart_device-d-2017-inno.o) (libbase::k60::Dma::Reinit(libbase::k60::Dma::Config const&))
C:\Users\Jake\workspace\libsccc\lib\libsccc-d-2017-inno.a(dma_manager-d-2017-inno.o)
                              C:\Users\Jake\workspace\libsccc\lib\libsccc-d-2017-inno.a(uart_device-d-2017-inno.o) (libbase::k60::DmaManager::GetInstance())
C:\Users\Jake\workspace\libsccc\lib\libsccc-d-2017-inno.a(dma_mux-d-2017-inno.o)
                              C:\Users\Jake\workspace\libsccc\lib\libsccc-d-2017-inno.a(dma-d-2017-inno.o) (libbase::k60::DmaMux::SetEnableSource(libbase::k60::DmaMux::Source, unsigned int))
C:\Users\Jake\workspace\libsccc\lib\libsccc-d-2017-inno.a(dwt-d-2017-inno.o)
                              C:\Users\Jake\workspace\libsccc\lib\libsccc-d-2017-inno.a(system-d-2017-inno.o) (libbase::k60::Dwt::DelayUs(unsigned short))
C:\Users\Jake\workspace\libsccc\lib\libsccc-d-2017-inno.a(ftm_quad_decoder-d-2017-inno.o)
[...]
Memory Configuration

Name             Origin             Length             Attributes
m_interrupts     0x00000000         0x000001e8         xr
m_text           0x00000410         0x0007fbf0         xr
m_data           0x1fff0000         0x00010000         rw
m_data_20000000  0x20000000         0x00010000         rw
m_cfmprotrom     0x00000400         0x00000010         xr
*default*        0x00000000         0xffffffff

Linker script and memory map

LOAD c:/program files (x86)/gnu tools arm embedded/4.8 2014q3/bin/../lib/gcc/arm-none-eabi/4.8.4/armv7e-m/fpu/crti.o
LOAD c:/program files (x86)/gnu tools arm embedded/4.8 2014q3/bin/../lib/gcc/arm-none-eabi/4.8.4/armv7e-m/fpu/crtbegin.o
LOAD c:/program files (x86)/gnu tools arm embedded/4.8 2014q3/bin/../lib/gcc/arm-none-eabi/4.8.4/../../../../arm-none-eabi/lib/armv7e-m/fpu/crt0.o
LOAD obj/bt-d-2017-inno.o
LOAD obj/main-d-2017-inno.o
LOAD obj/PID-d-2017-inno.o
LOAD C:\Users\Jake\workspace\libsccc\lib\libsccc-d-2017-inno.a
LOAD c:/program files (x86)/gnu tools arm embedded/4.8 2014q3/bin/../lib/gcc/arm-none-eabi/4.8.4/../../../../arm-none-eabi/lib/armv7e-m/fpu\libstdc++_s.a
LOAD c:/program files (x86)/gnu tools arm embedded/4.8 2014q3/bin/../lib/gcc/arm-none-eabi/4.8.4/../../../../arm-none-eabi/lib/armv7e-m/fpu\libm.a
START GROUP
LOAD c:/program files (x86)/gnu tools arm embedded/4.8 2014q3/bin/../lib/gcc/arm-none-eabi/4.8.4/armv7e-m/fpu\libgcc.a
LOAD c:/program files (x86)/gnu tools arm embedded/4.8 2014q3/bin/../lib/gcc/arm-none-eabi/4.8.4/../../../../arm-none-eabi/lib/armv7e-m/fpu\libc_s.a
END GROUP
START GROUP
LOAD c:/program files (x86)/gnu tools arm embedded/4.8 2014q3/bin/../lib/gcc/arm-none-eabi/4.8.4/armv7e-m/fpu\libgcc.a
LOAD c:/program files (x86)/gnu tools arm embedded/4.8 2014q3/bin/../lib/gcc/arm-none-eabi/4.8.4/../../../../arm-none-eabi/lib/armv7e-m/fpu\libc_s.a
END GROUP
LOAD c:/program files (x86)/gnu tools arm embedded/4.8 2014q3/bin/../lib/gcc/arm-none-eabi/4.8.4/armv7e-m/fpu/crtend.o
LOAD c:/program files (x86)/gnu tools arm embedded/4.8 2014q3/bin/../lib/gcc/arm-none-eabi/4.8.4/armv7e-m/fpu/crtn.o
                0x20000000                _estack = 0x20000000
                0x20000000                __SP_INIT = _estack
                0x00009000                __heap_size = 0x9000
                0x00001000                __stack_size = 0x1000

.interrupts     0x00000000      0x1e8
                0x00000000                __vector_table = .
                0x00000000                . = ALIGN (0x4)
 *(.vectortable)
 .vectortable   0x00000000      0x1e8 C:\Users\Jake\workspace\libsccc\lib\libsccc-d-2017-inno.a(vectors-d-2017-inno.o)
                0x00000000                __vect_table
                0x000001e8                . = ALIGN (0x4)

.cfmprotect     0x00000400       0x10
                0x00000400                . = ALIGN (0x4)
 *(.cfmconfig)
 .cfmconfig     0x00000400       0x10 C:\Users\Jake\workspace\libsccc\lib\libsccc-d-2017-inno.a(system-d-2017-inno.o)
                0x00000400                _cfm
                0x00000410                . = ALIGN (0x4)

.text           0x00000410    0x12d74
                0x00000410                . = ALIGN (0x4)
 *(.text)
 .text          0x00000410       0x54 c:/program files (x86)/gnu tools arm embedded/4.8 2014q3/bin/../lib/gcc/arm-none-eabi/4.8.4/armv7e-m/fpu/crtbegin.o
 .text          0x00000464     0x5784 c:/program files (x86)/gnu tools arm embedded/4.8 2014q3/bin/../lib/gcc/arm-none-eabi/4.8.4/../../../../arm-none-eabi/lib/armv7e-m/fpu\libstdc++_s.a(cp-demangle.o)
                0x00005b08                __cxa_demangle
                0x00005bcc                __gcclibcxx_demangle_callback
 .text          0x00005be8      0x370 c:/program files (x86)/gnu tools arm embedded/4.8 2014q3/bin/../lib/gcc/arm-none-eabi/4.8.4/armv7e-m/fpu\libgcc.a(_arm_addsubdf3.o)
                0x00005be8                __aeabi_drsub
                0x00005bf0                __aeabi_dsub
                0x00005bf0                __subdf3
                0x00005bf4                __aeabi_dadd
                0x00005bf4                __adddf3
                0x00005e6c                __floatunsidf
                0x00005e6c                __aeabi_ui2d
                0x00005e8c                __floatsidf
                0x00005e8c                __aeabi_i2d
                0x00005eb0                __aeabi_f2d
                0x00005eb0                __extendsfdf2
                0x00005eec                __floatundidf
                0x00005eec                __aeabi_ul2d
                0x00005efc                __floatdidf
                0x00005efc                __aeabi_l2d
 .text          0x00005f58      0x424 c:/program files (x86)/gnu tools arm embedded/4.8 2014q3/bin/../lib/gcc/arm-none-eabi/4.8.4/armv7e-m/fpu\libgcc.a(_arm_muldivdf3.o)
                0x00005f58                __aeabi_dmul
                0x00005f58                __muldf3
                0x000061ac                __divdf3
                0x000061ac                __aeabi_ddiv
 .text          0x0000637c       0x40 c:/program files (x86)/gnu tools arm embedded/4.8 2014q3/bin/../lib/gcc/arm-none-eabi/4.8.4/armv7e-m/fpu\libgcc.a(_arm_fixunsdfsi.o)
                0x0000637c                __aeabi_d2uiz
                0x0000637c                __fixunsdfsi
 .text          0x000063bc       0x14 c:/program files (x86)/gnu tools arm embedded/4.8 2014q3/bin/../lib/gcc/arm-none-eabi/4.8.4/../../../../arm-none-eabi/lib/armv7e-m/fpu\libc_s.a(lib_a-strcmp.o)
                0x000063bc                strcmp
 .text          0x000063d0      0x110 c:/program files (x86)/gnu tools arm embedded/4.8 2014q3/bin/../lib/gcc/arm-none-eabi/4.8.4/armv7e-m/fpu\libgcc.a(_arm_cmpdf2.o)
                0x000063d0                __gtdf2
                0x000063d0                __gedf2
                0x000063d8                __ltdf2
                0x000063d8                __ledf2
                0x000063e0                __nedf2
                0x000063e0                __eqdf2
                0x000063e0                __cmpdf2
                0x0000645c                __aeabi_cdrcmple
                0x0000646c                __aeabi_cdcmpeq
                0x0000646c                __aeabi_cdcmple
                0x0000647c                __aeabi_dcmpeq
                0x00006490                __aeabi_dcmplt
                0x000064a4                __aeabi_dcmple
                0x000064b8                __aeabi_dcmpge
                0x000064cc                __aeabi_dcmpgt
 .text          0x000064e0       0x50 c:/program files (x86)/gnu tools arm embedded/4.8 2014q3/bin/../lib/gcc/arm-none-eabi/4.8.4/armv7e-m/fpu\libgcc.a(_arm_fixdfsi.o)
                0x000064e0                __aeabi_d2iz
                0x000064e0                __fixdfsi
 *(.text*)
 .text._ZN5libsc3k6010JyMcuBt106D2Ev
                0x00006530       0x14 obj/bt-d-2017-inno.o
                0x00006530                libsc::k60::JyMcuBt106::~JyMcuBt106()
                0x00006530                libsc::k60::JyMcuBt106::~JyMcuBt106()
 .text._ZN5libsc3k6010JyMcuBt106D0Ev
                0x00006544       0x1c obj/bt-d-2017-inno.o
                0x00006544                libsc::k60::JyMcuBt106::~JyMcuBt106()
 .text._ZN2btD2Ev
                0x00006560       0x28 obj/bt-d-2017-inno.o
                0x00006560                bt::~bt()
                0x00006560                bt::~bt()
 .text._ZN2btD0Ev
                0x00006588       0x14 obj/bt-d-2017-inno.o
                0x00006588                bt::~bt()
 .text._ZN2bt8setValueEv
                0x0000659c       0x8c obj/bt-d-2017-inno.o
                0x0000659c                bt::setValue()
 .text._ZN2bt12sendVelocityEv
                0x00006628       0x60 obj/bt-d-2017-inno.o
                0x00006628                bt::sendVelocity()
 .text._ZNSt17_Function_handlerIFvhN5libsc8Joystick5StateEEZ4mainEUlhS2_E_E9_M_invokeERKSt9_Any_datahS2_
                0x00006688        0x4 obj/main-d-2017-inno.o
 .text._ZNSt14_Function_base13_Base_managerIZ4mainEUlhN5libsc8Joystick5StateEE_E10_M_managerERSt9_Any_dataRKS6_St18_Manager_operation
                0x0000668c       0x34 obj/main-d-2017-inno.o
 .text._ZNSt14_Function_base13_Base_managerIZN2btC1EP3PIDS3_S3_EUlPKhjE_E10_M_managerERSt9_Any_dataRKS8_St18_Manager_operation
                0x000066c0       0x38 obj/main-d-2017-inno.o
                0x000066c0                std::_Function_base::_Base_manager<bt::bt(PID*, PID*, PID*)::{lambda(unsigned char const*, unsigned int)#1}>::_M_manager(std::_Any_data&, std::_Function_base::_Base_manager<bt::bt(PID*, PID*, PID*)::{lambda(unsigned char const*, unsigned int)#1}> const&, std::_Manager_operation)
 .text._ZNSt17_Function_handlerIFbPKhjEZN2btC1EP3PIDS5_S5_EUlS1_jE_E9_M_invokeERKSt9_Any_dataS1_j
                0x000066f8       0xac obj/main-d-2017-inno.o
                0x000066f8                std::_Function_handler<bool (unsigned char const*, unsigned int), bt::bt(PID*, PID*, PID*)::{lambda(unsigned char const*, unsigned int)#1}>::_M_invoke(std::_Any_data const&, unsigned char const*, unsigned int)
 .text._ZN2btC2EP3PIDS1_S1_
                0x000067a4       0xf8 obj/main-d-2017-inno.o
                0x000067a4                bt::bt(PID*, PID*, PID*)
                0x000067a4                bt::bt(PID*, PID*, PID*)
 .text._ZN7libbase3k603Mcg12GetMcgConfigEv
                0x0000689c       0x1c obj/main-d-2017-inno.o
                0x0000689c                libbase::k60::Mcg::GetMcgConfig()
 .text.startup.main
                0x000068b8      0x464 obj/main-d-2017-inno.o
                0x000068b8                main
 .text._ZN3PIDD2Ev
                0x00006d1c        0xc obj/PID-d-2017-inno.o
                0x00006d1c                PID::~PID()
                0x00006d1c                PID::~PID()
 .text._ZN3PIDD0Ev
                0x00006d28       0x14 obj/PID-d-2017-inno.o
                0x00006d28                PID::~PID()
 .text._ZN3PID6getPIDEl
                0x00006d3c       0x94 obj/PID-d-2017-inno.o
                0x00006d3c                PID::getPID(long)
 .text.__thumb_startup
                0x00006dd0       0xdc C:\Users\Jake\workspace\libsccc\lib\libsccc-d-2017-inno.a(startup-d-2017-inno.o)
                0x00006dd0                __thumb_startup
 .text.SystemInit
                0x00006eac       0x18 C:\Users\Jake\workspace\libsccc\lib\libsccc-d-2017-inno.a(system-d-2017-inno.o)
                0x00006eac                SystemInit
 .text._ZN7libbase3k603Fpu12GetFpuConfigEv
                0x00006ec4        0xc C:\Users\Jake\workspace\libsccc\lib\libsccc-d-2017-inno.a(fpu-d-2017-inno.o)
                0x00006ec4                libbase::k60::Fpu::GetFpuConfig()
 .text._ZN7libbase3k603Fpu4InitEv
                0x00006ed0       0x60 C:\Users\Jake\workspace\libsccc\lib\libsccc-d-2017-inno.a(fpu-d-2017-inno.o)
                0x00006ed0                libbase::k60::Fpu::Init()
 .text.LibbaseK60FpuInit
                0x00006f30       0x38 C:\Users\Jake\workspace\libsccc\lib\libsccc-d-2017-inno.a(fpu-d-2017-inno.o)
                0x00006f30                LibbaseK60FpuInit
 .text._ZN7libbase3k603Mcg6ConfigC2Ev
                0x00006f68       0x28 C:\Users\Jake\workspace\libsccc\lib\libsccc-d-2017-inno.a(mcg-d-2017-inno.o)
                0x00006f68                libbase::k60::Mcg::Config::Config()
                0x00006f68                libbase::k60::Mcg::Config::Config()
 .text._ZN7libbase3k603McgC2Ev
                0x00006f90        0x8 C:\Users\Jake\workspace\libsccc\lib\libsccc-d-2017-inno.a(mcg-d-2017-inno.o)
                0x00006f90                libbase::k60::Mcg::Mcg()
                0x00006f90                libbase::k60::Mcg::Mcg()
 .text._ZN7libbase3k603Mcg7InitFbeERKNS1_6ConfigE
                0x00006f98       0xec C:\Users\Jake\workspace\libsccc\lib\libsccc-d-2017-inno.a(mcg-d-2017-inno.o)
                0x00006f98                libbase::k60::Mcg::InitFbe(libbase::k60::Mcg::Config const&)
 .text._ZN7libbase3k603Mcg7InitPbeERKNS1_6ConfigEh
                0x00007084       0x34 C:\Users\Jake\workspace\libsccc\lib\libsccc-d-2017-inno.a(mcg-d-2017-inno.o)
                0x00007084                libbase::k60::Mcg::InitPbe(libbase::k60::Mcg::Config const&, unsigned char)
 .text._ZN7libbase3k603Mcg10InitClocksERKNS1_6ConfigEm
                0x000070b8      0x138 C:\Users\Jake\workspace\libsccc\lib\libsccc-d-2017-inno.a(mcg-d-2017-inno.o)
                0x000070b8                libbase::k60::Mcg::InitClocks(libbase::k60::Mcg::Config const&, unsigned long)
 .text._ZN7libbase3k603Mcg4InitEv
                0x000071f0       0xd4 C:\Users\Jake\workspace\libsccc\lib\libsccc-d-2017-inno.a(mcg-d-2017-inno.o)
                0x000071f0                libbase::k60::Mcg::Init()
 .text.LibbaseK60McgInit
                0x000072c4       0x3c C:\Users\Jake\workspace\libsccc\lib\libsccc-d-2017-inno.a(mcg-d-2017-inno.o)
                0x000072c4                LibbaseK60McgInit
 .text._ZN7libbase3k608Watchdog13InitStctrlRegERKNS1_6ConfigE
                0x00007300       0x30 C:\Users\Jake\workspace\libsccc\lib\libsccc-d-2017-inno.a(watchdog-d-2017-inno.o)
                0x00007300                libbase::k60::Watchdog::InitStctrlReg(libbase::k60::Watchdog::Config const&)
 .text._ZN7libbase3k608Watchdog14InitTimeOutRegERKNS1_6ConfigE
                0x00007330       0x30 C:\Users\Jake\workspace\libsccc\lib\libsccc-d-2017-inno.a(watchdog-d-2017-inno.o)
                0x00007330                libbase::k60::Watchdog::InitTimeOutReg(libbase::k60::Watchdog::Config const&)
 .text._ZN7libbase3k608Watchdog17GetWatchdogConfigEv
                0x00007360        0xc C:\Users\Jake\workspace\libsccc\lib\libsccc-d-2017-inno.a(watchdog-d-2017-inno.o)
                0x00007360                libbase::k60::Watchdog::GetWatchdogConfig()
 .text._ZN7libbase3k608Watchdog4InitEv
                0x0000736c       0x3c C:\Users\Jake\workspace\libsccc\lib\libsccc-d-2017-inno.a(watchdog-d-2017-inno.o)
                0x0000736c                libbase::k60::Watchdog::Init()
 .text.LibbaseK60WatchdogInit
                0x000073a8        0x4 C:\Users\Jake\workspace\libsccc\lib\libsccc-d-2017-inno.a(watchdog-d-2017-inno.o)
                0x000073a8                LibbaseK60WatchdogInit
 .text.LibbaseK60WatchdogIsr
                0x000073ac       0x20 C:\Users\Jake\workspace\libsccc\lib\libsccc-d-2017-inno.a(watchdog-d-2017-inno.o)
                0x000073ac                LibbaseK60WatchdogIsr
 .text._ZNK5libsc10DirEncoder11Initializer20GetQuadDecoderConfigEv
                0x000073cc       0x10 C:\Users\Jake\workspace\libsccc\lib\libsccc-d-2017-inno.a(dir_encoder-d-2017-inno.o)
                0x000073cc                libsc::DirEncoder::Initializer::GetQuadDecoderConfig() const
 .text._ZN5libsc10DirEncoderD2Ev
                0x000073dc       0x14 C:\Users\Jake\workspace\libsccc\lib\libsccc-d-2017-inno.a(dir_encoder-d-2017-inno.o)
                0x000073dc                libsc::DirEncoder::~DirEncoder()
                0x000073dc                libsc::DirEncoder::~DirEncoder()
 .text._ZN5libsc10DirEncoderD0Ev
                0x000073f0       0x1c C:\Users\Jake\workspace\libsccc\lib\libsccc-d-2017-inno.a(dir_encoder-d-2017-inno.o)
                0x000073f0                libsc::DirEncoder::~DirEncoder()
 .text._ZN5libsc10DirEncoderC2ERKNS_7Encoder6ConfigE
                0x0000740c       0x28 C:\Users\Jake\workspace\libsccc\lib\libsccc-d-2017-inno.a(dir_encoder-d-2017-inno.o)
                0x0000740c                libsc::DirEncoder::DirEncoder(libsc::Encoder::Config const&)
                0x0000740c                libsc::DirEncoder::DirEncoder(libsc::Encoder::Config const&)
 .text._ZNK5libsc7Encoder11Initializer20GetQuadDecoderConfigEv
                0x00007434       0x58 C:\Users\Jake\workspace\libsccc\lib\libsccc-d-2017-inno.a(encoder-d-2017-inno.o)
                0x00007434                libsc::Encoder::Initializer::GetQuadDecoderConfig() const
 .text._ZN5libsc7EncoderC2ERKNS0_11InitializerE
                0x0000748c       0x38 C:\Users\Jake\workspace\libsccc\lib\libsccc-d-2017-inno.a(encoder-d-2017-inno.o)
                0x0000748c                libsc::Encoder::Encoder(libsc::Encoder::Initializer const&)
                0x0000748c                libsc::Encoder::Encoder(libsc::Encoder::Initializer const&)
 .text._ZN5libsc7EncoderD2Ev
                0x000074c4       0x18 C:\Users\Jake\workspace\libsccc\lib\libsccc-d-2017-inno.a(encoder-d-2017-inno.o)
                0x000074c4                libsc::Encoder::~Encoder()
                0x000074c4                libsc::Encoder::~Encoder()
 .text._ZN5libsc7EncoderD0Ev
                0x000074dc       0x1c C:\Users\Jake\workspace\libsccc\lib\libsccc-d-2017-inno.a(encoder-d-2017-inno.o)
                0x000074dc                libsc::Encoder::~Encoder()
 .text._ZN5libsc7Encoder6UpdateEv
                0x000074f8       0x1c C:\Users\Jake\workspace\libsccc\lib\libsccc-d-2017-inno.a(encoder-d-2017-inno.o)
                0x000074f8                libsc::Encoder::Update()
 .text._ZNSt17_Function_handlerIFvPN7libbase3k603GpiEEZN5libsc8JoystickC1ERKNS6_6ConfigEEUlS3_E_E9_M_invokeERKSt9_Any_dataS3_
                0x00007514       0x18 C:\Users\Jake\workspace\libsccc\lib\libsccc-d-2017-inno.a(joystick-d-2017-inno.o)
 .text._ZNSt14_Function_base13_Base_managerIZN5libsc8JoystickC1ERKNS2_6ConfigEEUlPN7libbase3k603GpiEE_E10_M_managerERSt9_Any_dataRKSC_St18_Manager_operation
                0x0000752c       0x68 C:\Users\Jake\workspace\libsccc\lib\libsccc-d-2017-inno.a(joystick-d-2017-inno.o)
 .text._ZN5libsc8JoystickC2ERKNS0_6ConfigE
                0x00007594      0x378 C:\Users\Jake\workspace\libsccc\lib\libsccc-d-2017-inno.a(joystick-d-2017-inno.o)
                0x00007594                libsc::Joystick::Joystick(libsc::Joystick::Config const&)
                0x00007594                libsc::Joystick::Joystick(libsc::Joystick::Config const&)
 .text._ZN5libsc10LcdConsole5ClearEb
                0x0000790c       0x30 C:\Users\Jake\workspace\libsccc\lib\libsccc-d-2017-inno.a(lcd_console-d-2017-inno.o)
                0x0000790c                libsc::LcdConsole::Clear(bool)
 .text._ZN5libsc10LcdConsoleC2ERKNS0_6ConfigE
                0x0000793c       0x90 C:\Users\Jake\workspace\libsccc\lib\libsccc-d-2017-inno.a(lcd_console-d-2017-inno.o)
                0x0000793c                libsc::LcdConsole::LcdConsole(libsc::LcdConsole::Config const&)
                0x0000793c                libsc::LcdConsole::LcdConsole(libsc::LcdConsole::Config const&)
 .text._ZN5libsc13LcdTypewriterC2ERKNS0_6ConfigE
                0x000079cc       0x34 C:\Users\Jake\workspace\libsccc\lib\libsccc-d-2017-inno.a(lcd_typewriter-d-2017-inno.o)
                0x000079cc                libsc::LcdTypewriter::LcdTypewriter(libsc::LcdTypewriter::Config const&)
                0x000079cc                libsc::LcdTypewriter::LcdTypewriter(libsc::LcdTypewriter::Config const&)
 .text._ZN5libsc13LcdTypewriter18WriteOneLineBufferEPKcj
                0x00007a00      0x1d8 C:\Users\Jake\workspace\libsccc\lib\libsccc-d-2017-inno.a(lcd_typewriter-d-2017-inno.o)
                0x00007a00                libsc::LcdTypewriter::WriteOneLineBuffer(char const*, unsigned int)
 .text._ZN5libsc13LcdTypewriter11WriteBufferEPKcj
                0x00007bd8       0xe8 C:\Users\Jake\workspace\libsccc\lib\libsccc-d-2017-inno.a(lcd_typewriter-d-2017-inno.o)
                0x00007bd8                libsc::LcdTypewriter::WriteBuffer(char const*, unsigned int)
 .text._ZN5libsc3LedC2ERKNS0_6ConfigE
                0x00007cc0       0x60 C:\Users\Jake\workspace\libsccc\lib\libsccc-d-2017-inno.a(led-d-2017-inno.o)
                0x00007cc0                libsc::Led::Led(libsc::Led::Config const&)
                0x00007cc0                libsc::Led::Led(libsc::Led::Config const&)
 .text._ZN5libsc3Led9SetEnableEb
                0x00007d20        0x8 C:\Users\Jake\workspace\libsccc\lib\libsccc-d-2017-inno.a(led-d-2017-inno.o)
                0x00007d20                libsc::Led::SetEnable(bool)
 .text._ZN5libsc3LcdD2Ev
                0x00007d28        0xc C:\Users\Jake\workspace\libsccc\lib\libsccc-d-2017-inno.a(st7735r-d-2017-inno.o)
                0x00007d28                libsc::Lcd::~Lcd()
                0x00007d28                libsc::Lcd::~Lcd()
 .text._ZN5libsc7St7735r9SetRegionERKNS_3Lcd4RectE
                0x00007d34       0x14 C:\Users\Jake\workspace\libsccc\lib\libsccc-d-2017-inno.a(st7735r-d-2017-inno.o)
                0x00007d34                libsc::St7735r::SetRegion(libsc::Lcd::Rect const&)
 .text._ZN5libsc7St7735r9GetRegionEv
                0x00007d48       0x14 C:\Users\Jake\workspace\libsccc\lib\libsccc-d-2017-inno.a(st7735r-d-2017-inno.o)
                0x00007d48                libsc::St7735r::GetRegion()
 .text._ZN5libsc7St7735r11ClearRegionEv
                0x00007d5c       0x20 C:\Users\Jake\workspace\libsccc\lib\libsccc-d-2017-inno.a(st7735r-d-2017-inno.o)
                0x00007d5c                libsc::St7735r::ClearRegion()
 .text._ZN5libsc7St7735r5ClearEv
                0x00007d7c       0x18 C:\Users\Jake\workspace\libsccc\lib\libsccc-d-2017-inno.a(st7735r-d-2017-inno.o)
                0x00007d7c                libsc::St7735r::Clear()
 .text._ZN5libsc7St7735r5ClearEt
                0x00007d94       0x18 C:\Users\Jake\workspace\libsccc\lib\libsccc-d-2017-inno.a(st7735r-d-2017-inno.o)
                0x00007d94                libsc::St7735r::Clear(unsigned short)
 .text._ZN5libsc3LcdD0Ev
                0x00007dac       0x14 C:\Users\Jake\workspace\libsccc\lib\libsccc-d-2017-inno.a(st7735r-d-2017-inno.o)
                0x00007dac                libsc::Lcd::~Lcd()
 .text._ZN5libsc7St7735rD2Ev
                0x00007dc0       0x30 C:\Users\Jake\workspace\libsccc\lib\libsccc-d-2017-inno.a(st7735r-d-2017-inno.o)
                0x00007dc0                libsc::St7735r::~St7735r()
                0x00007dc0                libsc::St7735r::~St7735r()
 .text._ZN5libsc7St7735rD0Ev
                0x00007df0       0x34 C:\Users\Jake\workspace\libsccc\lib\libsccc-d-2017-inno.a(st7735r-d-2017-inno.o)
                0x00007df0                libsc::St7735r::~St7735r()
 .text._ZN5libsc7St7735r10InitMadctlERKNS0_6ConfigE
                0x00007e24       0x50 C:\Users\Jake\workspace\libsccc\lib\libsccc-d-2017-inno.a(st7735r-d-2017-inno.o)
                0x00007e24                libsc::St7735r::InitMadctl(libsc::St7735r::Config const&)
 .text._ZN5libsc7St7735r13SetActiveRectEv
                0x00007e74       0xf0 C:\Users\Jake\workspace\libsccc\lib\libsccc-d-2017-inno.a(st7735r-d-2017-inno.o)
                0x00007e74                libsc::St7735r::SetActiveRect()
 .text._ZN5libsc7St7735r8FillBitsEttPKhj
                0x00007f64      0x150 C:\Users\Jake\workspace\libsccc\lib\libsccc-d-2017-inno.a(st7735r-d-2017-inno.o)
                0x00007f64                libsc::St7735r::FillBits(unsigned short, unsigned short, unsigned char const*, unsigned int)
 .text._ZN5libsc7St7735r9InitPwctrEv
                0x000080b4      0x11c C:\Users\Jake\workspace\libsccc\lib\libsccc-d-2017-inno.a(st7735r-d-2017-inno.o)
                0x000080b4                libsc::St7735r::InitPwctr()
 .text._ZN5libsc7St7735r9FillColorEt
                0x000081d0       0xac C:\Users\Jake\workspace\libsccc\lib\libsccc-d-2017-inno.a(st7735r-d-2017-inno.o)
                0x000081d0                libsc::St7735r::FillColor(unsigned short)
 .text._ZN5libsc7St7735r9InitGammaEv
                0x0000827c      0x274 C:\Users\Jake\workspace\libsccc\lib\libsccc-d-2017-inno.a(st7735r-d-2017-inno.o)
                0x0000827c                libsc::St7735r::InitGamma()
 .text._ZN5libsc7St7735r10InitFrmctrERKNS0_6ConfigE
                0x000084f0       0xcc C:\Users\Jake\workspace\libsccc\lib\libsccc-d-2017-inno.a(st7735r-d-2017-inno.o)
                0x000084f0                libsc::St7735r::InitFrmctr(libsc::St7735r::Config const&)
 .text._ZN5libsc7St7735rC2ERKNS0_6ConfigE
                0x000085bc      0x1d8 C:\Users\Jake\workspace\libsccc\lib\libsccc-d-2017-inno.a(st7735r-d-2017-inno.o)
                0x000085bc                libsc::St7735r::St7735r(libsc::St7735r::Config const&)
                0x000085bc                libsc::St7735r::St7735r(libsc::St7735r::Config const&)
 .text._ZN5libsc7St7735r9FillPixelEPKtj
                0x00008794       0xd4 C:\Users\Jake\workspace\libsccc\lib\libsccc-d-2017-inno.a(st7735r-d-2017-inno.o)
                0x00008794                libsc::St7735r::FillPixel(unsigned short const*, unsigned int)
 .text._ZN5libsc7St7735r8FillBitsEttPKbj
                0x00008868      0x118 C:\Users\Jake\workspace\libsccc\lib\libsccc-d-2017-inno.a(st7735r-d-2017-inno.o)
                0x00008868                libsc::St7735r::FillBits(unsigned short, unsigned short, bool const*, unsigned int)
 .text._ZN5libsc7St7735r18FillGrayscalePixelEPKhj
                0x00008980       0xd8 C:\Users\Jake\workspace\libsccc\lib\libsccc-d-2017-inno.a(st7735r-d-2017-inno.o)
                0x00008980                libsc::St7735r::FillGrayscalePixel(unsigned char const*, unsigned int)
 .text._ZNK5libsc3k6010JyMcuBt10611Initializer13GetUartConfigEv
                0x00008a58       0x14 C:\Users\Jake\workspace\libsccc\lib\libsccc-d-2017-inno.a(jy_mcu_bt_106-d-2017-inno.o)
                0x00008a58                libsc::k60::JyMcuBt106::Initializer::GetUartConfig() const
 .text._ZN5libsc3k6010JyMcuBt106C2ERKNS0_10UartDevice6ConfigE
                0x00008a6c       0x28 C:\Users\Jake\workspace\libsccc\lib\libsccc-d-2017-inno.a(jy_mcu_bt_106-d-2017-inno.o)
                0x00008a6c                libsc::k60::JyMcuBt106::JyMcuBt106(libsc::k60::UartDevice::Config const&)
                0x00008a6c                libsc::k60::JyMcuBt106::JyMcuBt106(libsc::k60::UartDevice::Config const&)
 .text._ZN5libsc5DelayD2Ev
                0x00008a94        0xc C:\Users\Jake\workspace\libsccc\lib\libsccc-d-2017-inno.a(system-d-2017-inno.o)
                0x00008a94                libsc::Delay::~Delay()
                0x00008a94                libsc::Delay::~Delay()
 .text._ZN5libsc5Delay7DelayMsEt
                0x00008aa0       0x20 C:\Users\Jake\workspace\libsccc\lib\libsccc-d-2017-inno.a(system-d-2017-inno.o)
                0x00008aa0                libsc::Delay::DelayMs(unsigned short)
 .text._ZN5libsc5Delay6DelaySEt
                0x00008ac0       0x20 C:\Users\Jake\workspace\libsccc\lib\libsccc-d-2017-inno.a(system-d-2017-inno.o)
                0x00008ac0                libsc::Delay::DelayS(unsigned short)
 .text._ZN5libsc3k608DwtDelayD2Ev
                0x00008ae0        0xc C:\Users\Jake\workspace\libsccc\lib\libsccc-d-2017-inno.a(system-d-2017-inno.o)
                0x00008ae0                libsc::k60::DwtDelay::~DwtDelay()
                0x00008ae0                libsc::k60::DwtDelay::~DwtDelay()
 .text._ZN5libsc5DelayD0Ev
                0x00008aec       0x14 C:\Users\Jake\workspace\libsccc\lib\libsccc-d-2017-inno.a(system-d-2017-inno.o)
                0x00008aec                libsc::Delay::~Delay()
 .text._ZN5libsc3k608DwtDelayD0Ev
                0x00008b00       0x14 C:\Users\Jake\workspace\libsccc\lib\libsccc-d-2017-inno.a(system-d-2017-inno.o)
                0x00008b00                libsc::k60::DwtDelay::~DwtDelay()
 .text._ZN5libsc3k608DwtDelay7DelayUsEt
                0x00008b14        0x8 C:\Users\Jake\workspace\libsccc\lib\libsccc-d-2017-inno.a(system-d-2017-inno.o)
                0x00008b14                libsc::k60::DwtDelay::DelayUs(unsigned short)
 .text._ZN5libsc6System4ImplC2Ev
                0x00008b1c       0x50 C:\Users\Jake\workspace\libsccc\lib\libsccc-d-2017-inno.a(system-d-2017-inno.o)
                0x00008b1c                libsc::System::Impl::Impl()
                0x00008b1c                libsc::System::Impl::Impl()
 .text._ZN5libsc6System4InitEv
                0x00008b6c       0x20 C:\Users\Jake\workspace\libsccc\lib\libsccc-d-2017-inno.a(system-d-2017-inno.o)
                0x00008b6c                libsc::System::Init()
 .text._ZN5libsc6System7DelayMsEt
                0x00008b8c       0x40 C:\Users\Jake\workspace\libsccc\lib\libsccc-d-2017-inno.a(system-d-2017-inno.o)
                0x00008b8c                libsc::System::DelayMs(unsigned short)
 .text._ZN5libsc6System4TimeEv
                0x00008bcc       0x2c C:\Users\Jake\workspace\libsccc\lib\libsccc-d-2017-inno.a(system-d-2017-inno.o)
                0x00008bcc                libsc::System::Time()
 .text._ZNK5libsc3k6010UartDevice11Initializer13GetUartConfigEv
                0x00008bf8       0x48 C:\Users\Jake\workspace\libsccc\lib\libsccc-d-2017-inno.a(uart_device-d-2017-inno.o)
                0x00008bf8                libsc::k60::UartDevice::Initializer::GetUartConfig() const
 .text._ZN5libsc3k6010UartDevice9OnTxEmptyEPN7libbase3k604UartE
                0x00008c40       0xa4 C:\Users\Jake\workspace\libsccc\lib\libsccc-d-2017-inno.a(uart_device-d-2017-inno.o)
                0x00008c40                libsc::k60::UartDevice::OnTxEmpty(libbase::k60::Uart*)
 .text._ZN5libsc3k6010UartDevice8OnRxFullEPN7libbase3k604UartE
                0x00008ce4       0x70 C:\Users\Jake\workspace\libsccc\lib\libsccc-d-2017-inno.a(uart_device-d-2017-inno.o)
                0x00008ce4                libsc::k60::UartDevice::OnRxFull(libbase::k60::Uart*)
 .text._ZN5libsc3k6010UartDevice8TxBuffer5Block7RecycleEv.part.16
                0x00008d54       0x74 C:\Users\Jake\workspace\libsccc\lib\libsccc-d-2017-inno.a(uart_device-d-2017-inno.o)
 .text._ZNSt14_Function_base13_Base_managerISt5_BindIFSt7_Mem_fnIMN5libsc3k6010UartDeviceEFvPN7libbase3k604UartEEEPS5_St12_PlaceholderILi1EEEEE10_M_managerERSt9_Any_dataRKSJ_St18_Manager_operation
                0x00008dc8       0x40 C:\Users\Jake\workspace\libsccc\lib\libsccc-d-2017-inno.a(uart_device-d-2017-inno.o)
                0x00008dc8                std::_Function_base::_Base_manager<std::_Bind<std::_Mem_fn<void (libsc::k60::UartDevice::*)(libbase::k60::Uart*)> (libsc::k60::UartDevice*, std::_Placeholder<1>)> >::_M_manager(std::_Any_data&, std::_Any_data const&, std::_Manager_operation)
 .text._ZNSt14_Function_base13_Base_managerISt5_BindIFSt7_Mem_fnIMN5libsc3k6010UartDeviceEFvPN7libbase3k603DmaEEEPS5_St12_PlaceholderILi1EEEEE10_M_managerERSt9_Any_dataRKSJ_St18_Manager_operation
                0x00008e08       0x40 C:\Users\Jake\workspace\libsccc\lib\libsccc-d-2017-inno.a(uart_device-d-2017-inno.o)
                0x00008e08                std::_Function_base::_Base_manager<std::_Bind<std::_Mem_fn<void (libsc::k60::UartDevice::*)(libbase::k60::Dma*)> (libsc::k60::UartDevice*, std::_Placeholder<1>)> >::_M_manager(std::_Any_data&, std::_Any_data const&, std::_Manager_operation)
 .text._ZNSt17_Function_handlerIFvPN7libbase3k604UartEESt5_BindIFSt7_Mem_fnIMN5libsc3k6010UartDeviceEFvS3_EEPS9_St12_PlaceholderILi1EEEEE9_M_invokeERKSt9_Any_dataS3_
                0x00008e48       0x24 C:\Users\Jake\workspace\libsccc\lib\libsccc-d-2017-inno.a(uart_device-d-2017-inno.o)
                0x00008e48                std::_Function_handler<void (libbase::k60::Uart*), std::_Bind<std::_Mem_fn<void (libsc::k60::UartDevice::*)(libbase::k60::Uart*)> (libsc::k60::UartDevice*, std::_Placeholder<1>)> >::_M_invoke(std::_Any_data const&, libbase::k60::Uart*)
 .text._ZNSt17_Function_handlerIFvPN7libbase3k603DmaEESt5_BindIFSt7_Mem_fnIMN5libsc3k6010UartDeviceEFvS3_EEPS9_St12_PlaceholderILi1EEEEE9_M_invokeERKSt9_Any_dataS3_
                0x00008e6c       0x24 C:\Users\Jake\workspace\libsccc\lib\libsccc-d-2017-inno.a(uart_device-d-2017-inno.o)
                0x00008e6c                std::_Function_handler<void (libbase::k60::Dma*), std::_Bind<std::_Mem_fn<void (libsc::k60::UartDevice::*)(libbase::k60::Dma*)> (libsc::k60::UartDevice*, std::_Placeholder<1>)> >::_M_invoke(std::_Any_data const&, libbase::k60::Dma*)
 .text._ZN5libsc3k6010UartDeviceD2Ev
                0x00008e90       0xd4 C:\Users\Jake\workspace\libsccc\lib\libsccc-d-2017-inno.a(uart_device-d-2017-inno.o)
                0x00008e90                libsc::k60::UartDevice::~UartDevice()
                0x00008e90                libsc::k60::UartDevice::~UartDevice()
 .text._ZN5libsc3k6010UartDeviceD0Ev
                0x00008f64       0x14 C:\Users\Jake\workspace\libsccc\lib\libsccc-d-2017-inno.a(uart_device-d-2017-inno.o)
                0x00008f64                libsc::k60::UartDevice::~UartDevice()
 .text._ZN5libsc3k6010UartDevice8TxBuffer5BlockaSEOS3_
                0x00008f78       0x34 C:\Users\Jake\workspace\libsccc\lib\libsccc-d-2017-inno.a(uart_device-d-2017-inno.o)
                0x00008f78                libsc::k60::UartDevice::TxBuffer::Block::operator=(libsc::k60::UartDevice::TxBuffer::Block&&)
 .text._ZN5libsc3k6010UartDevice8TxBuffer9PushBlockEONS2_5BlockE
                0x00008fac       0x34 C:\Users\Jake\workspace\libsccc\lib\libsccc-d-2017-inno.a(uart_device-d-2017-inno.o)
                0x00008fac                libsc::k60::UartDevice::TxBuffer::PushBlock(libsc::k60::UartDevice::TxBuffer::Block&&)
 .text._ZN5libsc3k6010UartDeviceC2ERKNS1_11InitializerE
                0x00008fe0      0x2cc C:\Users\Jake\workspace\libsccc\lib\libsccc-d-2017-inno.a(uart_device-d-2017-inno.o)
                0x00008fe0                libsc::k60::UartDevice::UartDevice(libsc::k60::UartDevice::Initializer const&)
                0x00008fe0                libsc::k60::UartDevice::UartDevice(libsc::k60::UartDevice::Initializer const&)
 .text._ZN5libsc3k6010UartDevice9NextTxDmaEv
                0x000092ac       0xa8 C:\Users\Jake\workspace\libsccc\lib\libsccc-d-2017-inno.a(uart_device-d-2017-inno.o)
                0x000092ac                libsc::k60::UartDevice::NextTxDma()
 .text._ZN5libsc3k6010UartDevice15OnTxDmaCompleteEPN7libbase3k603DmaE
                0x00009354       0x3c C:\Users\Jake\workspace\libsccc\lib\libsccc-d-2017-inno.a(uart_device-d-2017-inno.o)
                0x00009354                libsc::k60::UartDevice::OnTxDmaComplete(libbase::k60::Dma*)
 .text._ZN5libsc3k6010UartDevice10SendBufferEPKhj
                0x00009390       0x7c C:\Users\Jake\workspace\libsccc\lib\libsccc-d-2017-inno.a(uart_device-d-2017-inno.o)
                0x00009390                libsc::k60::UartDevice::SendBuffer(unsigned char const*, unsigned int)
 .text.__assert_func
                0x0000940c       0x34 C:\Users\Jake\workspace\libsccc\lib\libsccc-d-2017-inno.a(assert-d-2017-inno.o)
                0x0000940c                __assert_func
 .text._exit    0x00009440        0x4 C:\Users\Jake\workspace\libsccc\lib\libsccc-d-2017-inno.a(syscall-d-2017-inno.o)
                0x00009440                _exit
 .text._fstat   0x00009444        0xc C:\Users\Jake\workspace\libsccc\lib\libsccc-d-2017-inno.a(syscall-d-2017-inno.o)
                0x00009444                _fstat
 .text._isatty  0x00009450        0x4 C:\Users\Jake\workspace\libsccc\lib\libsccc-d-2017-inno.a(syscall-d-2017-inno.o)
                0x00009450                _isatty
 .text._lseek   0x00009454        0x4 C:\Users\Jake\workspace\libsccc\lib\libsccc-d-2017-inno.a(syscall-d-2017-inno.o)
                0x00009454                _lseek
 .text._read    0x00009458        0x4 C:\Users\Jake\workspace\libsccc\lib\libsccc-d-2017-inno.a(syscall-d-2017-inno.o)
                0x00009458                _read
 .text._write   0x0000945c       0x14 C:\Users\Jake\workspace\libsccc\lib\libsccc-d-2017-inno.a(syscall-d-2017-inno.o)
                0x0000945c                _write
 .text._close   0x00009470        0x8 C:\Users\Jake\workspace\libsccc\lib\libsccc-d-2017-inno.a(syscall-d-2017-inno.o)
                0x00009470                _close
 .text._sbrk    0x00009478       0x44 C:\Users\Jake\workspace\libsccc\lib\libsccc-d-2017-inno.a(syscall-d-2017-inno.o)
                0x00009478                _sbrk
 .text._getpid  0x000094bc        0x4 C:\Users\Jake\workspace\libsccc\lib\libsccc-d-2017-inno.a(syscall-d-2017-inno.o)
                0x000094bc                _getpid
 .text._kill    0x000094c0       0x10 C:\Users\Jake\workspace\libsccc\lib\libsccc-d-2017-inno.a(syscall-d-2017-inno.o)
                0x000094c0                _kill
 .text.KeepSyscallSymbols
                0x000094d0        0x4 C:\Users\Jake\workspace\libsccc\lib\libsccc-d-2017-inno.a(syscall-d-2017-inno.o)
                0x000094d0                KeepSyscallSymbols
 .text.HardFaultHandlerAsm
                0x000094d4       0x1c C:\Users\Jake\workspace\libsccc\lib\libsccc-d-2017-inno.a(vectors-d-2017-inno.o)
                0x000094d4                HardFaultHandlerAsm
 .text.DefaultIsr
                0x000094f0       0x28 C:\Users\Jake\workspace\libsccc\lib\libsccc-d-2017-inno.a(vectors-d-2017-inno.o)
                0x000094f0                DefaultIsr
 .text.InitVectorTable
                0x00009518       0x4c C:\Users\Jake\workspace\libsccc\lib\libsccc-d-2017-inno.a(vectors-d-2017-inno.o)
                0x00009518                InitVectorTable
 .text.InitIrqPriority
                0x00009564       0x18 C:\Users\Jake\workspace\libsccc\lib\libsccc-d-2017-inno.a(vectors-d-2017-inno.o)
                0x00009564                InitIrqPriority
 .text.SetIsr   0x0000957c       0x1c C:\Users\Jake\workspace\libsccc\lib\libsccc-d-2017-inno.a(vectors-d-2017-inno.o)
                0x0000957c                SetIsr
 .text.EnableIrq
                0x00009598       0x18 C:\Users\Jake\workspace\libsccc\lib\libsccc-d-2017-inno.a(vectors-d-2017-inno.o)
                0x00009598                EnableIrq
 .text.DisableIrq
                0x000095b0       0x1c C:\Users\Jake\workspace\libsccc\lib\libsccc-d-2017-inno.a(vectors-d-2017-inno.o)
                0x000095b0                DisableIrq
 .text.HardFaultHandlerC
                0x000095cc       0x68 C:\Users\Jake\workspace\libsccc\lib\libsccc-d-2017-inno.a(vectors-d-2017-inno.o)
                0x000095cc                HardFaultHandlerC
 .text._ZN7libbase3k605CacheC2Ev
                0x00009634        0x8 C:\Users\Jake\workspace\libsccc\lib\libsccc-d-2017-inno.a(cache-d-2017-inno.o)
                0x00009634                libbase::k60::Cache::Cache()
                0x00009634                libbase::k60::Cache::Cache()
 .text._ZN7libbase3k605Cache4InitERKNS1_6ConfigE
                0x0000963c       0x78 C:\Users\Jake\workspace\libsccc\lib\libsccc-d-2017-inno.a(cache-d-2017-inno.o)
                0x0000963c                libbase::k60::Cache::Init(libbase::k60::Cache::Config const&)
 .text._ZN7libbase3k603Dma10IrqHandlerEv
                0x000096b4       0x80 C:\Users\Jake\workspace\libsccc\lib\libsccc-d-2017-inno.a(dma-d-2017-inno.o)
                0x000096b4                libbase::k60::Dma::IrqHandler()
 .text._ZN7libbase3k603DmaC2EDn
                0x00009734       0x10 C:\Users\Jake\workspace\libsccc\lib\libsccc-d-2017-inno.a(dma-d-2017-inno.o)
                0x00009734                libbase::k60::Dma::Dma(decltype(nullptr))
                0x00009734                libbase::k60::Dma::Dma(decltype(nullptr))
 .text._ZN7libbase3k603DmaD2Ev
                0x00009744       0x38 C:\Users\Jake\workspace\libsccc\lib\libsccc-d-2017-inno.a(dma-d-2017-inno.o)
                0x00009744                libbase::k60::Dma::~Dma()
                0x00009744                libbase::k60::Dma::~Dma()
 .text._ZN7libbase3k603Dma16InitTcdNbytesRegERKNS1_6ConfigE
                0x0000977c       0xbc C:\Users\Jake\workspace\libsccc\lib\libsccc-d-2017-inno.a(dma-d-2017-inno.o)
                0x0000977c                libbase::k60::Dma::InitTcdNbytesReg(libbase::k60::Dma::Config const&)
 .text._ZN7libbase3k603Dma4InitERKNS1_6ConfigE
                0x00009838      0x104 C:\Users\Jake\workspace\libsccc\lib\libsccc-d-2017-inno.a(dma-d-2017-inno.o)
                0x00009838                libbase::k60::Dma::Init(libbase::k60::Dma::Config const&)
 .text._ZNK7libbase3k603Dma8IsActiveEv
                0x0000993c       0x30 C:\Users\Jake\workspace\libsccc\lib\libsccc-d-2017-inno.a(dma-d-2017-inno.o)
                0x0000993c                libbase::k60::Dma::IsActive() const
 .text._ZN7libbase3k603Dma6ReinitERKNS1_6ConfigE
                0x0000996c       0x1c C:\Users\Jake\workspace\libsccc\lib\libsccc-d-2017-inno.a(dma-d-2017-inno.o)
                0x0000996c                libbase::k60::Dma::Reinit(libbase::k60::Dma::Config const&)
 .text._ZN7libbase3k603Dma15EnableInterruptEv
                0x00009988       0x24 C:\Users\Jake\workspace\libsccc\lib\libsccc-d-2017-inno.a(dma-d-2017-inno.o)
                0x00009988                libbase::k60::Dma::EnableInterrupt()
 .text._ZN7libbase3k603Dma5StartEv
                0x000099ac       0x7c C:\Users\Jake\workspace\libsccc\lib\libsccc-d-2017-inno.a(dma-d-2017-inno.o)
                0x000099ac                libbase::k60::Dma::Start()
 .text._ZN7libbase3k603Dma16DisableInterruptEv
                0x00009a28       0x20 C:\Users\Jake\workspace\libsccc\lib\libsccc-d-2017-inno.a(dma-d-2017-inno.o)
                0x00009a28                libbase::k60::Dma::DisableInterrupt()
 .text._ZN7libbase3k603Dma5Stop_Ev
                0x00009a48       0x40 C:\Users\Jake\workspace\libsccc\lib\libsccc-d-2017-inno.a(dma-d-2017-inno.o)
                0x00009a48                libbase::k60::Dma::Stop_()
 .text._ZN7libbase3k603DmaC2ERKNS1_6ConfigEj
                0x00009a88       0x80 C:\Users\Jake\workspace\libsccc\lib\libsccc-d-2017-inno.a(dma-d-2017-inno.o)
                0x00009a88                libbase::k60::Dma::Dma(libbase::k60::Dma::Config const&, unsigned int)
                0x00009a88                libbase::k60::Dma::Dma(libbase::k60::Dma::Config const&, unsigned int)
 .text._ZN7libbase3k603DmaaSEOS1_
                0x00009b08      0x100 C:\Users\Jake\workspace\libsccc\lib\libsccc-d-2017-inno.a(dma-d-2017-inno.o)
                0x00009b08                libbase::k60::Dma::operator=(libbase::k60::Dma&&)
 .text._ZN7libbase3k6010DmaManagerC2Ev
                0x00009c08       0x28 C:\Users\Jake\workspace\libsccc\lib\libsccc-d-2017-inno.a(dma_manager-d-2017-inno.o)
                0x00009c08                libbase::k60::DmaManager::DmaManager()
                0x00009c08                libbase::k60::DmaManager::DmaManager()
 .text._ZN7libbase3k6010DmaManager11GetInstanceEv
                0x00009c30       0x24 C:\Users\Jake\workspace\libsccc\lib\libsccc-d-2017-inno.a(dma_manager-d-2017-inno.o)
                0x00009c30                libbase::k60::DmaManager::GetInstance()
 .text._ZN7libbase3k6010DmaManager9InitCrRegERKNS1_6ConfigE
                0x00009c54       0x38 C:\Users\Jake\workspace\libsccc\lib\libsccc-d-2017-inno.a(dma_manager-d-2017-inno.o)
                0x00009c54                libbase::k60::DmaManager::InitCrReg(libbase::k60::DmaManager::Config const&)
 .text._ZN7libbase3k6010DmaManager5Init_ERKNS1_6ConfigE
                0x00009c8c       0x54 C:\Users\Jake\workspace\libsccc\lib\libsccc-d-2017-inno.a(dma_manager-d-2017-inno.o)
                0x00009c8c                libbase::k60::DmaManager::Init_(libbase::k60::DmaManager::Config const&)
 .text._ZN7libbase3k6010DmaManager4New_ERKNS0_3Dma6ConfigEj
                0x00009ce0       0x90 C:\Users\Jake\workspace\libsccc\lib\libsccc-d-2017-inno.a(dma_manager-d-2017-inno.o)
                0x00009ce0                libbase::k60::DmaManager::New_(libbase::k60::Dma::Config const&, unsigned int)
 .text._ZN7libbase3k6010DmaManager7Delete_EPNS0_3DmaE
                0x00009d70       0x84 C:\Users\Jake\workspace\libsccc\lib\libsccc-d-2017-inno.a(dma_manager-d-2017-inno.o)
                0x00009d70                libbase::k60::DmaManager::Delete_(libbase::k60::Dma*)
 .text._ZN7libbase3k6010DmaManager11GetChannel_Ej
                0x00009df4       0x14 C:\Users\Jake\workspace\libsccc\lib\libsccc-d-2017-inno.a(dma_manager-d-2017-inno.o)
                0x00009df4                libbase::k60::DmaManager::GetChannel_(unsigned int)
 .text._ZN7libbase3k606DmaMux15SetEnableSourceENS1_6SourceEj
                0x00009e08       0x64 C:\Users\Jake\workspace\libsccc\lib\libsccc-d-2017-inno.a(dma_mux-d-2017-inno.o)
                0x00009e08                libbase::k60::DmaMux::SetEnableSource(libbase::k60::DmaMux::Source, unsigned int)
 .text._ZN7libbase3k603Dwt7DelayUsEt
                0x00009e6c       0x70 C:\Users\Jake\workspace\libsccc\lib\libsccc-d-2017-inno.a(dwt-d-2017-inno.o)
                0x00009e6c                libbase::k60::Dwt::DelayUs(unsigned short)
 .text._ZN7libbase3k6020QuadDecoderInterfaceD2Ev
                0x00009edc        0xc C:\Users\Jake\workspace\libsccc\lib\libsccc-d-2017-inno.a(ftm_quad_decoder-d-2017-inno.o)
                0x00009edc                libbase::k60::QuadDecoderInterface::~QuadDecoderInterface()
                0x00009edc                libbase::k60::QuadDecoderInterface::~QuadDecoderInterface()
 .text._ZNK7libbase3k6014FtmQuadDecodercvbEv
                0x00009ee8        0x8 C:\Users\Jake\workspace\libsccc\lib\libsccc-d-2017-inno.a(ftm_quad_decoder-d-2017-inno.o)
                0x00009ee8                libbase::k60::FtmQuadDecoder::operator bool() const
 .text._ZN7libbase3k6014FtmQuadDecoder8GetCountEv
                0x00009ef0       0x38 C:\Users\Jake\workspace\libsccc\lib\libsccc-d-2017-inno.a(ftm_quad_decoder-d-2017-inno.o)
                0x00009ef0                libbase::k60::FtmQuadDecoder::GetCount()
 .text._ZN7libbase3k6014FtmQuadDecoder10ResetCountEv
                0x00009f28       0x14 C:\Users\Jake\workspace\libsccc\lib\libsccc-d-2017-inno.a(ftm_quad_decoder-d-2017-inno.o)
                0x00009f28                libbase::k60::FtmQuadDecoder::ResetCount()
 .text._ZN7libbase3k6020QuadDecoderInterfaceD0Ev
                0x00009f3c       0x14 C:\Users\Jake\workspace\libsccc\lib\libsccc-d-2017-inno.a(ftm_quad_decoder-d-2017-inno.o)
                0x00009f3c                libbase::k60::QuadDecoderInterface::~QuadDecoderInterface()
 .text._ZN7libbase3k6014FtmQuadDecoder13TofIrqHandlerEv
                0x00009f50       0x8c C:\Users\Jake\workspace\libsccc\lib\libsccc-d-2017-inno.a(ftm_quad_decoder-d-2017-inno.o)
                0x00009f50                libbase::k60::FtmQuadDecoder::TofIrqHandler()
 .text._ZN7libbase3k6014FtmQuadDecoder14SetReadOnlyRegEb.part.2
                0x00009fdc       0x18 C:\Users\Jake\workspace\libsccc\lib\libsccc-d-2017-inno.a(ftm_quad_decoder-d-2017-inno.o)
 .text._ZN7libbase3k6014FtmQuadDecoder12SetInterruptEb.part.3
                0x00009ff4       0x44 C:\Users\Jake\workspace\libsccc\lib\libsccc-d-2017-inno.a(ftm_quad_decoder-d-2017-inno.o)
 .text._ZN7libbase3k6014FtmQuadDecoder10InitModuleENS0_3Pin4NameES3_
                0x0000a038       0x2c C:\Users\Jake\workspace\libsccc\lib\libsccc-d-2017-inno.a(ftm_quad_decoder-d-2017-inno.o)
                0x0000a038                libbase::k60::FtmQuadDecoder::InitModule(libbase::k60::Pin::Name, libbase::k60::Pin::Name)
 .text._ZN7libbase3k6014FtmQuadDecoder7InitPinENS0_3Pin4NameES3_
                0x0000a064       0x5c C:\Users\Jake\workspace\libsccc\lib\libsccc-d-2017-inno.a(ftm_quad_decoder-d-2017-inno.o)
                0x0000a064                libbase::k60::FtmQuadDecoder::InitPin(libbase::k60::Pin::Name, libbase::k60::Pin::Name)
 .text._ZN7libbase3k6014FtmQuadDecoder11InitCounterERKNS1_6ConfigE
                0x0000a0c0       0x44 C:\Users\Jake\workspace\libsccc\lib\libsccc-d-2017-inno.a(ftm_quad_decoder-d-2017-inno.o)
                0x0000a0c0                libbase::k60::FtmQuadDecoder::InitCounter(libbase::k60::FtmQuadDecoder::Config const&)
 .text._ZN7libbase3k6014FtmQuadDecoder14SetReadOnlyRegEb
                0x0000a104       0x1c C:\Users\Jake\workspace\libsccc\lib\libsccc-d-2017-inno.a(ftm_quad_decoder-d-2017-inno.o)
                0x0000a104                libbase::k60::FtmQuadDecoder::SetReadOnlyReg(bool)
 .text._ZN7libbase3k6014FtmQuadDecoderC2ERKNS1_6ConfigE
                0x0000a120      0x1a4 C:\Users\Jake\workspace\libsccc\lib\libsccc-d-2017-inno.a(ftm_quad_decoder-d-2017-inno.o)
                0x0000a120                libbase::k60::FtmQuadDecoder::FtmQuadDecoder(libbase::k60::FtmQuadDecoder::Config const&)
                0x0000a120                libbase::k60::FtmQuadDecoder::FtmQuadDecoder(libbase::k60::FtmQuadDecoder::Config const&)
 .text._ZN7libbase3k6014FtmQuadDecoder12SetInterruptEb
                0x0000a2c4       0x40 C:\Users\Jake\workspace\libsccc\lib\libsccc-d-2017-inno.a(ftm_quad_decoder-d-2017-inno.o)
                0x0000a2c4                libbase::k60::FtmQuadDecoder::SetInterrupt(bool)
 .text._ZN7libbase3k6014FtmQuadDecoder6UninitEv
                0x0000a304       0x84 C:\Users\Jake\workspace\libsccc\lib\libsccc-d-2017-inno.a(ftm_quad_decoder-d-2017-inno.o)
                0x0000a304                libbase::k60::FtmQuadDecoder::Uninit()
 .text._ZN7libbase3k6014FtmQuadDecoderD2Ev
                0x0000a388       0x3c C:\Users\Jake\workspace\libsccc\lib\libsccc-d-2017-inno.a(ftm_quad_decoder-d-2017-inno.o)
                0x0000a388                libbase::k60::FtmQuadDecoder::~FtmQuadDecoder()
                0x0000a388                libbase::k60::FtmQuadDecoder::~FtmQuadDecoder()
 .text._ZN7libbase3k6014FtmQuadDecoderD0Ev
                0x0000a3c4       0x14 C:\Users\Jake\workspace\libsccc\lib\libsccc-d-2017-inno.a(ftm_quad_decoder-d-2017-inno.o)
                0x0000a3c4                libbase::k60::FtmQuadDecoder::~FtmQuadDecoder()
 .text._ZNSt17_Function_handlerIFvN7libbase3k603Pin4NameEEZNS1_3Gpi6SetIsrERKSt8functionIFvPS5_EEEUlS3_E_E9_M_invokeERKSt9_Any_dataS3_
                0x0000a3d8       0x18 C:\Users\Jake\workspace\libsccc\lib\libsccc-d-2017-inno.a(gpio-d-2017-inno.o)
 .text._ZNSt14_Function_base13_Base_managerIZN7libbase3k603Gpi6SetIsrERKSt8functionIFvPS3_EEEUlNS2_3Pin4NameEE_E10_M_managerERSt9_Any_dataRKSE_St18_Manager_operation
                0x0000a3f0       0x38 C:\Users\Jake\workspace\libsccc\lib\libsccc-d-2017-inno.a(gpio-d-2017-inno.o)
 .text._ZN7libbase3k603Gpo6UninitEv.part.7
                0x0000a428       0x20 C:\Users\Jake\workspace\libsccc\lib\libsccc-d-2017-inno.a(gpio-d-2017-inno.o)
 .text._ZN7libbase3k603GpiC2EDn
                0x0000a448       0x14 C:\Users\Jake\workspace\libsccc\lib\libsccc-d-2017-inno.a(gpio-d-2017-inno.o)
                0x0000a448                libbase::k60::Gpi::Gpi(decltype(nullptr))
                0x0000a448                libbase::k60::Gpi::Gpi(decltype(nullptr))
 .text._ZN7libbase3k603Gpi6SetIsrERKSt8functionIFvPS1_EE
                0x0000a45c       0xb8 C:\Users\Jake\workspace\libsccc\lib\libsccc-d-2017-inno.a(gpio-d-2017-inno.o)
                0x0000a45c                libbase::k60::Gpi::SetIsr(std::function<void (libbase::k60::Gpi*)> const&)
 .text._ZN7libbase3k603GpiC2ERKNS1_6ConfigE
                0x0000a514       0x50 C:\Users\Jake\workspace\libsccc\lib\libsccc-d-2017-inno.a(gpio-d-2017-inno.o)
                0x0000a514                libbase::k60::Gpi::Gpi(libbase::k60::Gpi::Config const&)
                0x0000a514                libbase::k60::Gpi::Gpi(libbase::k60::Gpi::Config const&)
 .text._ZN7libbase3k603Gpi6UninitEv.part.9
                0x0000a564       0x38 C:\Users\Jake\workspace\libsccc\lib\libsccc-d-2017-inno.a(gpio-d-2017-inno.o)
 .text._ZN7libbase3k603GpiD2Ev
                0x0000a59c       0x24 C:\Users\Jake\workspace\libsccc\lib\libsccc-d-2017-inno.a(gpio-d-2017-inno.o)
                0x0000a59c                libbase::k60::Gpi::~Gpi()
                0x0000a59c                libbase::k60::Gpi::~Gpi()
 .text._ZN7libbase3k603GpiaSEOS1_
                0x0000a5c0       0x6c C:\Users\Jake\workspace\libsccc\lib\libsccc-d-2017-inno.a(gpio-d-2017-inno.o)
                0x0000a5c0                libbase::k60::Gpi::operator=(libbase::k60::Gpi&&)
 .text._ZN7libbase3k603GpoD2Ev
                0x0000a62c       0x18 C:\Users\Jake\workspace\libsccc\lib\libsccc-d-2017-inno.a(gpio-d-2017-inno.o)
                0x0000a62c                libbase::k60::Gpo::~Gpo()
                0x0000a62c                libbase::k60::Gpo::~Gpo()
 .text._ZN7libbase3k603Gpo3SetEb
                0x0000a644       0x4c C:\Users\Jake\workspace\libsccc\lib\libsccc-d-2017-inno.a(gpio-d-2017-inno.o)
                0x0000a644                libbase::k60::Gpo::Set(bool)
 .text._ZN7libbase3k603GpoC2ERKNS1_6ConfigE
                0x0000a690       0x48 C:\Users\Jake\workspace\libsccc\lib\libsccc-d-2017-inno.a(gpio-d-2017-inno.o)
                0x0000a690                libbase::k60::Gpo::Gpo(libbase::k60::Gpo::Config const&)
                0x0000a690                libbase::k60::Gpo::Gpo(libbase::k60::Gpo::Config const&)
 .text._ZN7libbase3k6012_GLOBAL__N_115SetInterruptBitENS0_3Pin6Config9InterruptEPm
                0x0000a6d8       0x64 C:\Users\Jake\workspace\libsccc\lib\libsccc-d-2017-inno.a(pin-d-2017-inno.o)
 .text._ZN7libbase3k603PinC2ERKNS1_6ConfigE
                0x0000a73c      0x114 C:\Users\Jake\workspace\libsccc\lib\libsccc-d-2017-inno.a(pin-d-2017-inno.o)
                0x0000a73c                libbase::k60::Pin::Pin(libbase::k60::Pin::Config const&)
                0x0000a73c                libbase::k60::Pin::Pin(libbase::k60::Pin::Config const&)
 .text._ZN7libbase3k603PinC2EDn
                0x0000a850        0x8 C:\Users\Jake\workspace\libsccc\lib\libsccc-d-2017-inno.a(pin-d-2017-inno.o)
                0x0000a850                libbase::k60::Pin::Pin(decltype(nullptr))
                0x0000a850                libbase::k60::Pin::Pin(decltype(nullptr))
 .text._ZN7libbase3k603Pin6UninitEv
                0x0000a858       0x58 C:\Users\Jake\workspace\libsccc\lib\libsccc-d-2017-inno.a(pin-d-2017-inno.o)
                0x0000a858                libbase::k60::Pin::Uninit()
 .text._ZN7libbase3k603PinD2Ev
                0x0000a8b0        0xc C:\Users\Jake\workspace\libsccc\lib\libsccc-d-2017-inno.a(pin-d-2017-inno.o)
                0x0000a8b0                libbase::k60::Pin::~Pin()
                0x0000a8b0                libbase::k60::Pin::~Pin()
 .text._ZN7libbase3k603PinaSEOS1_
                0x0000a8bc       0x20 C:\Users\Jake\workspace\libsccc\lib\libsccc-d-2017-inno.a(pin-d-2017-inno.o)
                0x0000a8bc                libbase::k60::Pin::operator=(libbase::k60::Pin&&)
 .text._ZN7libbase3k603Pin20IsInterruptRequestedENS1_4NameE
                0x0000a8dc       0x20 C:\Users\Jake\workspace\libsccc\lib\libsccc-d-2017-inno.a(pin-d-2017-inno.o)
                0x0000a8dc                libbase::k60::Pin::IsInterruptRequested(libbase::k60::Pin::Name)
 .text._ZN7libbase3k603Pin16ConsumeInterruptENS1_4NameE
                0x0000a8fc       0x24 C:\Users\Jake\workspace\libsccc\lib\libsccc-d-2017-inno.a(pin-d-2017-inno.o)
                0x0000a8fc                libbase::k60::Pin::ConsumeInterrupt(libbase::k60::Pin::Name)
 .text._ZN7libbase3k6013PinIsrManager11GetInstanceEv
                0x0000a920       0x2c C:\Users\Jake\workspace\libsccc\lib\libsccc-d-2017-inno.a(pin_isr_manager-d-2017-inno.o)
                0x0000a920                libbase::k60::PinIsrManager::GetInstance()
 .text._ZN7libbase3k6013PinIsrManager8InitPortEj
                0x0000a94c       0xb4 C:\Users\Jake\workspace\libsccc\lib\libsccc-d-2017-inno.a(pin_isr_manager-d-2017-inno.o)
                0x0000a94c                libbase::k60::PinIsrManager::InitPort(unsigned int)
 .text._ZN7libbase3k6013PinIsrManager10SetPinIsr_EPNS0_3PinERKSt8functionIFvNS2_4NameEEE
                0x0000aa00      0x104 C:\Users\Jake\workspace\libsccc\lib\libsccc-d-2017-inno.a(pin_isr_manager-d-2017-inno.o)
                0x0000aa00                libbase::k60::PinIsrManager::SetPinIsr_(libbase::k60::Pin*, std::function<void (libbase::k60::Pin::Name)> const&)
 .text._ZNKSt8functionIFvN7libbase3k603Pin4NameEEEclES3_
                0x0000ab04       0x10 C:\Users\Jake\workspace\libsccc\lib\libsccc-d-2017-inno.a(pin_isr_manager-d-2017-inno.o)
                0x0000ab04                std::function<void (libbase::k60::Pin::Name)>::operator()(libbase::k60::Pin::Name) const
 .text._ZN7libbase3k6013PinIsrManager14PortIrqHandlerILj4EEEvv
                0x0000ab14       0x48 C:\Users\Jake\workspace\libsccc\lib\libsccc-d-2017-inno.a(pin_isr_manager-d-2017-inno.o)
                0x0000ab14                void libbase::k60::PinIsrManager::PortIrqHandler<4u>()
 .text._ZN7libbase3k6013PinIsrManager14PortIrqHandlerILj3EEEvv
                0x0000ab5c       0x48 C:\Users\Jake\workspace\libsccc\lib\libsccc-d-2017-inno.a(pin_isr_manager-d-2017-inno.o)
                0x0000ab5c                void libbase::k60::PinIsrManager::PortIrqHandler<3u>()
 .text._ZN7libbase3k6013PinIsrManager14PortIrqHandlerILj2EEEvv
                0x0000aba4       0x48 C:\Users\Jake\workspace\libsccc\lib\libsccc-d-2017-inno.a(pin_isr_manager-d-2017-inno.o)
                0x0000aba4                void libbase::k60::PinIsrManager::PortIrqHandler<2u>()
 .text._ZN7libbase3k6013PinIsrManager14PortIrqHandlerILj1EEEvv
                0x0000abec       0x48 C:\Users\Jake\workspace\libsccc\lib\libsccc-d-2017-inno.a(pin_isr_manager-d-2017-inno.o)
                0x0000abec                void libbase::k60::PinIsrManager::PortIrqHandler<1u>()
 .text._ZN7libbase3k6013PinIsrManager14PortIrqHandlerILj0EEEvv
                0x0000ac34       0x48 C:\Users\Jake\workspace\libsccc\lib\libsccc-d-2017-inno.a(pin_isr_manager-d-2017-inno.o)
                0x0000ac34                void libbase::k60::PinIsrManager::PortIrqHandler<0u>()
 .text._ZN7libbase3k603Sim18SetEnableClockGateENS1_9ClockGateEb
                0x0000ac7c      0x678 C:\Users\Jake\workspace\libsccc\lib\libsccc-d-2017-inno.a(sim-d-2017-inno.o)
                0x0000ac7c                libbase::k60::Sim::SetEnableClockGate(libbase::k60::Sim::ClockGate, bool)
 .text._ZN7libbase3k6018SpiMasterInterfaceD2Ev
                0x0000b2f4        0xc C:\Users\Jake\workspace\libsccc\lib\libsccc-d-2017-inno.a(spi_master-d-2017-inno.o)
                0x0000b2f4                libbase::k60::SpiMasterInterface::~SpiMasterInterface()
                0x0000b2f4                libbase::k60::SpiMasterInterface::~SpiMasterInterface()
 .text._ZNK7libbase3k609SpiMastercvbEv
                0x0000b300        0x8 C:\Users\Jake\workspace\libsccc\lib\libsccc-d-2017-inno.a(spi_master-d-2017-inno.o)
                0x0000b300                libbase::k60::SpiMaster::operator bool() const
 .text._ZN7libbase3k609SpiMaster8PushDataEhPKtj
                0x0000b308        0xc C:\Users\Jake\workspace\libsccc\lib\libsccc-d-2017-inno.a(spi_master-d-2017-inno.o)
                0x0000b308                libbase::k60::SpiMaster::PushData(unsigned char, unsigned short const*, unsigned int)
 .text._ZN7libbase3k6018SpiMasterInterfaceD0Ev
                0x0000b314       0x14 C:\Users\Jake\workspace\libsccc\lib\libsccc-d-2017-inno.a(spi_master-d-2017-inno.o)
                0x0000b314                libbase::k60::SpiMasterInterface::~SpiMasterInterface()
 .text._ZN7libbase3k6012_GLOBAL__N_121DelayScalerCalculator4CalcEm
                0x0000b328       0x70 C:\Users\Jake\workspace\libsccc\lib\libsccc-d-2017-inno.a(spi_master-d-2017-inno.o)
 .text._ZN7libbase3k609SpiMaster12ExchangeDataEht
                0x0000b398       0xac C:\Users\Jake\workspace\libsccc\lib\libsccc-d-2017-inno.a(spi_master-d-2017-inno.o)
                0x0000b398                libbase::k60::SpiMaster::ExchangeData(unsigned char, unsigned short)
 .text._ZN7libbase3k609SpiMaster8PushDataEhPKhj
                0x0000b444       0xc8 C:\Users\Jake\workspace\libsccc\lib\libsccc-d-2017-inno.a(spi_master-d-2017-inno.o)
                0x0000b444                libbase::k60::SpiMaster::PushData(unsigned char, unsigned char const*, unsigned int)
 .text._ZN7libbase3k609SpiMaster10InitModuleERKNS1_6ConfigE
                0x0000b50c       0xc0 C:\Users\Jake\workspace\libsccc\lib\libsccc-d-2017-inno.a(spi_master-d-2017-inno.o)
                0x0000b50c                libbase::k60::SpiMaster::InitModule(libbase::k60::SpiMaster::Config const&)
 .text._ZN7libbase3k609SpiMaster7InitPinERKNS1_6ConfigE
                0x0000b5cc       0xdc C:\Users\Jake\workspace\libsccc\lib\libsccc-d-2017-inno.a(spi_master-d-2017-inno.o)
                0x0000b5cc                libbase::k60::SpiMaster::InitPin(libbase::k60::SpiMaster::Config const&)
 .text._ZN7libbase3k609SpiMaster10InitMcrRegERKNS1_6ConfigE
                0x0000b6a8       0x58 C:\Users\Jake\workspace\libsccc\lib\libsccc-d-2017-inno.a(spi_master-d-2017-inno.o)
                0x0000b6a8                libbase::k60::SpiMaster::InitMcrReg(libbase::k60::SpiMaster::Config const&)
 .text._ZN7libbase3k609SpiMaster11SetBaudRateEmPm
                0x0000b700       0xa8 C:\Users\Jake\workspace\libsccc\lib\libsccc-d-2017-inno.a(spi_master-d-2017-inno.o)
                0x0000b700                libbase::k60::SpiMaster::SetBaudRate(unsigned long, unsigned long*)
 .text._ZN7libbase3k609SpiMaster14SetPcsSckDelayEmPm
                0x0000b7a8       0x28 C:\Users\Jake\workspace\libsccc\lib\libsccc-d-2017-inno.a(spi_master-d-2017-inno.o)
                0x0000b7a8                libbase::k60::SpiMaster::SetPcsSckDelay(unsigned long, unsigned long*)
 .text._ZN7libbase3k609SpiMaster16SetAfterSckDelayEmPm
                0x0000b7d0       0x28 C:\Users\Jake\workspace\libsccc\lib\libsccc-d-2017-inno.a(spi_master-d-2017-inno.o)
                0x0000b7d0                libbase::k60::SpiMaster::SetAfterSckDelay(unsigned long, unsigned long*)
 .text._ZN7libbase3k609SpiMaster21SetAfterTransferDelayEmPm
                0x0000b7f8       0x28 C:\Users\Jake\workspace\libsccc\lib\libsccc-d-2017-inno.a(spi_master-d-2017-inno.o)
                0x0000b7f8                libbase::k60::SpiMaster::SetAfterTransferDelay(unsigned long, unsigned long*)
 .text._ZN7libbase3k609SpiMaster11InitCtarRegERKNS1_6ConfigE
                0x0000b820       0xa0 C:\Users\Jake\workspace\libsccc\lib\libsccc-d-2017-inno.a(spi_master-d-2017-inno.o)
                0x0000b820                libbase::k60::SpiMaster::InitCtarReg(libbase::k60::SpiMaster::Config const&)
 .text._ZN7libbase3k609SpiMaster7SetHaltEb
                0x0000b8c0       0x20 C:\Users\Jake\workspace\libsccc\lib\libsccc-d-2017-inno.a(spi_master-d-2017-inno.o)
                0x0000b8c0                libbase::k60::SpiMaster::SetHalt(bool)
 .text._ZN7libbase3k609SpiMaster9KickStartEv
                0x0000b8e0       0x2c C:\Users\Jake\workspace\libsccc\lib\libsccc-d-2017-inno.a(spi_master-d-2017-inno.o)
                0x0000b8e0                libbase::k60::SpiMaster::KickStart()
 .text._ZN7libbase3k609SpiMaster14SetEnableRxIrqEb
                0x0000b90c       0x40 C:\Users\Jake\workspace\libsccc\lib\libsccc-d-2017-inno.a(spi_master-d-2017-inno.o)
                0x0000b90c                libbase::k60::SpiMaster::SetEnableRxIrq(bool)
 .text._ZN7libbase3k609SpiMaster14SetEnableTxIrqEb
                0x0000b94c       0x40 C:\Users\Jake\workspace\libsccc\lib\libsccc-d-2017-inno.a(spi_master-d-2017-inno.o)
                0x0000b94c                libbase::k60::SpiMaster::SetEnableTxIrq(bool)
 .text._ZN7libbase3k609SpiMaster12SetInterruptEbb
                0x0000b98c       0x50 C:\Users\Jake\workspace\libsccc\lib\libsccc-d-2017-inno.a(spi_master-d-2017-inno.o)
                0x0000b98c                libbase::k60::SpiMaster::SetInterrupt(bool, bool)
 .text._ZN7libbase3k609SpiMaster6UninitEv.part.6
                0x0000b9dc       0x40 C:\Users\Jake\workspace\libsccc\lib\libsccc-d-2017-inno.a(spi_master-d-2017-inno.o)
 .text._ZN7libbase3k609SpiMasterD2Ev
                0x0000ba1c       0x6c C:\Users\Jake\workspace\libsccc\lib\libsccc-d-2017-inno.a(spi_master-d-2017-inno.o)
                0x0000ba1c                libbase::k60::SpiMaster::~SpiMaster()
                0x0000ba1c                libbase::k60::SpiMaster::~SpiMaster()
 .text._ZN7libbase3k609SpiMasterD0Ev
                0x0000ba88       0x14 C:\Users\Jake\workspace\libsccc\lib\libsccc-d-2017-inno.a(spi_master-d-2017-inno.o)
                0x0000ba88                libbase::k60::SpiMaster::~SpiMaster()
 .text._ZN7libbase3k609SpiMaster13InitInterruptERKNS1_6ConfigE
                0x0000ba9c       0xd4 C:\Users\Jake\workspace\libsccc\lib\libsccc-d-2017-inno.a(spi_master-d-2017-inno.o)
                0x0000ba9c                libbase::k60::SpiMaster::InitInterrupt(libbase::k60::SpiMaster::Config const&)
 .text._ZN7libbase3k609SpiMasterC2ERKNS1_6ConfigE
                0x0000bb70       0xb8 C:\Users\Jake\workspace\libsccc\lib\libsccc-d-2017-inno.a(spi_master-d-2017-inno.o)
                0x0000bb70                libbase::k60::SpiMaster::SpiMaster(libbase::k60::SpiMaster::Config const&)
                0x0000bb70                libbase::k60::SpiMaster::SpiMaster(libbase::k60::SpiMaster::Config const&)
 .text._ZNKSt8functionIFvPN7libbase3k609SpiMasterEEEclES3_
                0x0000bc28       0x10 C:\Users\Jake\workspace\libsccc\lib\libsccc-d-2017-inno.a(spi_master-d-2017-inno.o)
                0x0000bc28                std::function<void (libbase::k60::SpiMaster*)>::operator()(libbase::k60::SpiMaster*) const
 .text._ZN7libbase3k609SpiMaster10IrqHandlerEv
                0x0000bc38      0x108 C:\Users\Jake\workspace\libsccc\lib\libsccc-d-2017-inno.a(spi_master-d-2017-inno.o)
                0x0000bc38                libbase::k60::SpiMaster::IrqHandler()
 .text._ZN7libbase3k608SpiUtils11GetCsNumberENS0_3Pin4NameE
                0x0000bd40       0xb4 C:\Users\Jake\workspace\libsccc\lib\libsccc-d-2017-inno.a(spi_utils-d-2017-inno.o)
                0x0000bd40                libbase::k60::SpiUtils::GetCsNumber(libbase::k60::Pin::Name)
 .text._ZN7libbase3k604UartC2EDn
                0x0000bdf4       0x34 C:\Users\Jake\workspace\libsccc\lib\libsccc-d-2017-inno.a(uart-d-2017-inno.o)
                0x0000bdf4                libbase::k60::Uart::Uart(decltype(nullptr))
                0x0000bdf4                libbase::k60::Uart::Uart(decltype(nullptr))
 .text._ZN7libbase3k604Uart10InitModuleENS0_3Pin4NameES3_
                0x0000be28       0x2c C:\Users\Jake\workspace\libsccc\lib\libsccc-d-2017-inno.a(uart-d-2017-inno.o)
                0x0000be28                libbase::k60::Uart::InitModule(libbase::k60::Pin::Name, libbase::k60::Pin::Name)
 .text._ZN7libbase3k604Uart7InitPinERKNS1_6ConfigE
                0x0000be54       0x64 C:\Users\Jake\workspace\libsccc\lib\libsccc-d-2017-inno.a(uart-d-2017-inno.o)
                0x0000be54                libbase::k60::Uart::InitPin(libbase::k60::Uart::Config const&)
 .text._ZN7libbase3k604Uart12InitBaudRateENS1_6Config8BaudRateE
                0x0000beb8      0x144 C:\Users\Jake\workspace\libsccc\lib\libsccc-d-2017-inno.a(uart-d-2017-inno.o)
                0x0000beb8                libbase::k60::Uart::InitBaudRate(libbase::k60::Uart::Config::BaudRate)
 .text._ZN7libbase3k604Uart8InitFifoERKNS1_6ConfigE
                0x0000bffc      0x110 C:\Users\Jake\workspace\libsccc\lib\libsccc-d-2017-inno.a(uart-d-2017-inno.o)
                0x0000bffc                libbase::k60::Uart::InitFifo(libbase::k60::Uart::Config const&)
 .text._ZN7libbase3k604Uart11SetLoopModeEb
                0x0000c10c       0x34 C:\Users\Jake\workspace\libsccc\lib\libsccc-d-2017-inno.a(uart-d-2017-inno.o)
                0x0000c10c                libbase::k60::Uart::SetLoopMode(bool)
 .text._ZN7libbase3k604Uart9InitC1RegERKNS1_6ConfigE
                0x0000c140       0x2c C:\Users\Jake\workspace\libsccc\lib\libsccc-d-2017-inno.a(uart-d-2017-inno.o)
                0x0000c140                libbase::k60::Uart::InitC1Reg(libbase::k60::Uart::Config const&)
 .text._ZN7libbase3k604Uart14SetEnableRxIrqEb
                0x0000c16c       0x34 C:\Users\Jake\workspace\libsccc\lib\libsccc-d-2017-inno.a(uart-d-2017-inno.o)
                0x0000c16c                libbase::k60::Uart::SetEnableRxIrq(bool)
 .text._ZN7libbase3k604Uart14SetEnableTxIrqEb
                0x0000c1a0       0x34 C:\Users\Jake\workspace\libsccc\lib\libsccc-d-2017-inno.a(uart-d-2017-inno.o)
                0x0000c1a0                libbase::k60::Uart::SetEnableTxIrq(bool)
 .text._ZN7libbase3k604Uart12SetInterruptEbb
                0x0000c1d4       0x58 C:\Users\Jake\workspace\libsccc\lib\libsccc-d-2017-inno.a(uart-d-2017-inno.o)
                0x0000c1d4                libbase::k60::Uart::SetInterrupt(bool, bool)
 .text._ZN7libbase3k604Uart6UninitEv.part.7
                0x0000c22c       0x48 C:\Users\Jake\workspace\libsccc\lib\libsccc-d-2017-inno.a(uart-d-2017-inno.o)
 .text._ZN7libbase3k604UartD2Ev
                0x0000c274       0x4c C:\Users\Jake\workspace\libsccc\lib\libsccc-d-2017-inno.a(uart-d-2017-inno.o)
                0x0000c274                libbase::k60::Uart::~Uart()
                0x0000c274                libbase::k60::Uart::~Uart()
 .text._ZN7libbase3k604UartaSEOS1_
                0x0000c2c0      0x148 C:\Users\Jake\workspace\libsccc\lib\libsccc-d-2017-inno.a(uart-d-2017-inno.o)
                0x0000c2c0                libbase::k60::Uart::operator=(libbase::k60::Uart&&)
 .text._ZN7libbase3k604Uart13InitInterruptERKNS1_6ConfigE
                0x0000c408       0xd4 C:\Users\Jake\workspace\libsccc\lib\libsccc-d-2017-inno.a(uart-d-2017-inno.o)
                0x0000c408                libbase::k60::Uart::InitInterrupt(libbase::k60::Uart::Config const&)
 .text._ZN7libbase3k604UartC2ERKNS1_6ConfigE
                0x0000c4dc       0xf0 C:\Users\Jake\workspace\libsccc\lib\libsccc-d-2017-inno.a(uart-d-2017-inno.o)
                0x0000c4dc                libbase::k60::Uart::Uart(libbase::k60::Uart::Config const&)
                0x0000c4dc                libbase::k60::Uart::Uart(libbase::k60::Uart::Config const&)
 .text._ZN7libbase3k604Uart16ConfigTxAsDmaDstEPNS0_3Dma6ConfigE
                0x0000c5cc       0x74 C:\Users\Jake\workspace\libsccc\lib\libsccc-d-2017-inno.a(uart-d-2017-inno.o)
                0x0000c5cc                libbase::k60::Uart::ConfigTxAsDmaDst(libbase::k60::Dma::Config*)
 .text._ZNK7libbase3k604Uart9PeekBytesEPj
                0x0000c640       0x78 C:\Users\Jake\workspace\libsccc\lib\libsccc-d-2017-inno.a(uart-d-2017-inno.o)
                0x0000c640                libbase::k60::Uart::PeekBytes(unsigned int*) const
 .text._ZN7libbase3k604Uart8PutBytesEPKhj
                0x0000c6b8       0x6c C:\Users\Jake\workspace\libsccc\lib\libsccc-d-2017-inno.a(uart-d-2017-inno.o)
                0x0000c6b8                libbase::k60::Uart::PutBytes(unsigned char const*, unsigned int)
 .text._ZNKSt8functionIFvPN7libbase3k604UartEEEclES3_
                0x0000c724       0x10 C:\Users\Jake\workspace\libsccc\lib\libsccc-d-2017-inno.a(uart-d-2017-inno.o)
                0x0000c724                std::function<void (libbase::k60::Uart*)>::operator()(libbase::k60::Uart*) const
 .text._ZN7libbase3k604Uart10IrqHandlerEv
                0x0000c734       0xb0 C:\Users\Jake\workspace\libsccc\lib\libsccc-d-2017-inno.a(uart-d-2017-inno.o)
                0x0000c734                libbase::k60::Uart::IrqHandler()
 .text._ZN5libsc5TimerD2Ev
                0x0000c7e4        0xc C:\Users\Jake\workspace\libsccc\lib\libsccc-d-2017-inno.a(sys_tick_timer-d-2017-inno.o)
                0x0000c7e4                libsc::Timer::~Timer()
                0x0000c7e4                libsc::Timer::~Timer()
 .text._ZN5libsc12SysTickTimer4TimeEv
                0x0000c7f0        0x8 C:\Users\Jake\workspace\libsccc\lib\libsccc-d-2017-inno.a(sys_tick_timer-d-2017-inno.o)
                0x0000c7f0                libsc::SysTickTimer::Time()
 .text._ZN5libsc12SysTickTimer6OnTickEPN7libbase3k607SysTickE
                0x0000c7f8        0x8 C:\Users\Jake\workspace\libsccc\lib\libsccc-d-2017-inno.a(sys_tick_timer-d-2017-inno.o)
                0x0000c7f8                libsc::SysTickTimer::OnTick(libbase::k60::SysTick*)
 .text._ZN5libsc5TimerD0Ev
                0x0000c800       0x14 C:\Users\Jake\workspace\libsccc\lib\libsccc-d-2017-inno.a(sys_tick_timer-d-2017-inno.o)
                0x0000c800                libsc::Timer::~Timer()
 .text._ZN5libsc12SysTickTimerD2Ev
                0x0000c814       0x20 C:\Users\Jake\workspace\libsccc\lib\libsccc-d-2017-inno.a(sys_tick_timer-d-2017-inno.o)
                0x0000c814                libsc::SysTickTimer::~SysTickTimer()
                0x0000c814                libsc::SysTickTimer::~SysTickTimer()
 .text._ZN5libsc12SysTickTimerD0Ev
                0x0000c834       0x24 C:\Users\Jake\workspace\libsccc\lib\libsccc-d-2017-inno.a(sys_tick_timer-d-2017-inno.o)
                0x0000c834                libsc::SysTickTimer::~SysTickTimer()
 .text._ZNSt14_Function_base13_Base_managerISt5_BindIFSt7_Mem_fnIMN5libsc12SysTickTimerEFvPN7libbase3k607SysTickEEEPS4_St12_PlaceholderILi1EEEEE10_M_managerERSt9_Any_dataRKSI_St18_Manager_operation
                0x0000c858       0x40 C:\Users\Jake\workspace\libsccc\lib\libsccc-d-2017-inno.a(sys_tick_timer-d-2017-inno.o)
                0x0000c858                std::_Function_base::_Base_manager<std::_Bind<std::_Mem_fn<void (libsc::SysTickTimer::*)(libbase::k60::SysTick*)> (libsc::SysTickTimer*, std::_Placeholder<1>)> >::_M_manager(std::_Any_data&, std::_Any_data const&, std::_Manager_operation)
 .text._ZNSt17_Function_handlerIFvPN7libbase3k607SysTickEESt5_BindIFSt7_Mem_fnIMN5libsc12SysTickTimerEFvS3_EEPS8_St12_PlaceholderILi1EEEEE9_M_invokeERKSt9_Any_dataS3_
                0x0000c898       0x24 C:\Users\Jake\workspace\libsccc\lib\libsccc-d-2017-inno.a(sys_tick_timer-d-2017-inno.o)
                0x0000c898                std::_Function_handler<void (libbase::k60::SysTick*), std::_Bind<std::_Mem_fn<void (libsc::SysTickTimer::*)(libbase::k60::SysTick*)> (libsc::SysTickTimer*, std::_Placeholder<1>)> >::_M_invoke(std::_Any_data const&, libbase::k60::SysTick*)
 *fill*         0x0000c8bc        0x4 
 .text._ZN5libsc12SysTickTimerC2Ev
                0x0000c8c0       0xe8 C:\Users\Jake\workspace\libsccc\lib\libsccc-d-2017-inno.a(sys_tick_timer-d-2017-inno.o)
                0x0000c8c0                libsc::SysTickTimer::SysTickTimer()
                0x0000c8c0                libsc::SysTickTimer::SysTickTimer()
 .text._ZN7libbase3k6012_GLOBAL__N_18GetPinIdENS0_3Pin4NameE
                0x0000c9a8       0xc0 C:\Users\Jake\workspace\libsccc\lib\libsccc-d-2017-inno.a(mk60f15_lqfp144-d-2017-inno.o)
 .text._ZN7libbase3k6014Mk60f15Lqfp144C2Ev
                0x0000ca68       0x10 C:\Users\Jake\workspace\libsccc\lib\libsccc-d-2017-inno.a(mk60f15_lqfp144-d-2017-inno.o)
                0x0000ca68                libbase::k60::Mk60f15Lqfp144::Mk60f15Lqfp144()
                0x0000ca68                libbase::k60::Mk60f15Lqfp144::Mk60f15Lqfp144()
 .text._ZN7libbase3k6014Mk60f15Lqfp1447RegPin_Ej
                0x0000ca78       0x40 C:\Users\Jake\workspace\libsccc\lib\libsccc-d-2017-inno.a(mk60f15_lqfp144-d-2017-inno.o)
                0x0000ca78                libbase::k60::Mk60f15Lqfp144::RegPin_(unsigned int)
 .text._ZN7libbase3k6014Mk60f15Lqfp1447RegPin_ENS0_3Pin4NameE
                0x0000cab8       0x18 C:\Users\Jake\workspace\libsccc\lib\libsccc-d-2017-inno.a(mk60f15_lqfp144-d-2017-inno.o)
                0x0000cab8                libbase::k60::Mk60f15Lqfp144::RegPin_(libbase::k60::Pin::Name)
 .text._ZN7libbase3k6014Mk60f15Lqfp1449UnregPin_Ej
                0x0000cad0       0x3c C:\Users\Jake\workspace\libsccc\lib\libsccc-d-2017-inno.a(mk60f15_lqfp144-d-2017-inno.o)
                0x0000cad0                libbase::k60::Mk60f15Lqfp144::UnregPin_(unsigned int)
 .text._ZN7libbase3k6014Mk60f15Lqfp1449UnregPin_ENS0_3Pin4NameE
                0x0000cb0c       0x18 C:\Users\Jake\workspace\libsccc\lib\libsccc-d-2017-inno.a(mk60f15_lqfp144-d-2017-inno.o)
                0x0000cb0c                libbase::k60::Mk60f15Lqfp144::UnregPin_(libbase::k60::Pin::Name)
 .text._ZN7libbase3k6014Mk60f15Lqfp1448GetFtmQdENS0_3Pin4NameE
                0x0000cb24       0x14 C:\Users\Jake\workspace\libsccc\lib\libsccc-d-2017-inno.a(mk60f15_lqfp144-d-2017-inno.o)
                0x0000cb24                libbase::k60::Mk60f15Lqfp144::GetFtmQd(libbase::k60::Pin::Name)
 .text._ZN7libbase3k6014Mk60f15Lqfp14411GetFtmQdMuxENS0_3Pin4NameE
                0x0000cb38        0xc C:\Users\Jake\workspace\libsccc\lib\libsccc-d-2017-inno.a(mk60f15_lqfp144-d-2017-inno.o)
                0x0000cb38                libbase::k60::Mk60f15Lqfp144::GetFtmQdMux(libbase::k60::Pin::Name)
 .text._ZN7libbase3k6014Mk60f15Lqfp1449GetSpiSinENS0_3Pin4NameE
                0x0000cb44       0x34 C:\Users\Jake\workspace\libsccc\lib\libsccc-d-2017-inno.a(mk60f15_lqfp144-d-2017-inno.o)
                0x0000cb44                libbase::k60::Mk60f15Lqfp144::GetSpiSin(libbase::k60::Pin::Name)
 .text._ZN7libbase3k6014Mk60f15Lqfp14412GetSpiSinMuxENS0_3Pin4NameE
                0x0000cb78       0x4c C:\Users\Jake\workspace\libsccc\lib\libsccc-d-2017-inno.a(mk60f15_lqfp144-d-2017-inno.o)
                0x0000cb78                libbase::k60::Mk60f15Lqfp144::GetSpiSinMux(libbase::k60::Pin::Name)
 .text._ZN7libbase3k6014Mk60f15Lqfp14410GetSpiSoutENS0_3Pin4NameE
                0x0000cbc4       0x34 C:\Users\Jake\workspace\libsccc\lib\libsccc-d-2017-inno.a(mk60f15_lqfp144-d-2017-inno.o)
                0x0000cbc4                libbase::k60::Mk60f15Lqfp144::GetSpiSout(libbase::k60::Pin::Name)
 .text._ZN7libbase3k6014Mk60f15Lqfp14413GetSpiSoutMuxENS0_3Pin4NameE
                0x0000cbf8       0x48 C:\Users\Jake\workspace\libsccc\lib\libsccc-d-2017-inno.a(mk60f15_lqfp144-d-2017-inno.o)
                0x0000cbf8                libbase::k60::Mk60f15Lqfp144::GetSpiSoutMux(libbase::k60::Pin::Name)
 .text._ZN7libbase3k6014Mk60f15Lqfp1449GetSpiSckENS0_3Pin4NameE
                0x0000cc40       0x30 C:\Users\Jake\workspace\libsccc\lib\libsccc-d-2017-inno.a(mk60f15_lqfp144-d-2017-inno.o)
                0x0000cc40                libbase::k60::Mk60f15Lqfp144::GetSpiSck(libbase::k60::Pin::Name)
 .text._ZN7libbase3k6014Mk60f15Lqfp14412GetSpiSckMuxENS0_3Pin4NameE
                0x0000cc70        0x4 C:\Users\Jake\workspace\libsccc\lib\libsccc-d-2017-inno.a(mk60f15_lqfp144-d-2017-inno.o)
                0x0000cc70                libbase::k60::Mk60f15Lqfp144::GetSpiSckMux(libbase::k60::Pin::Name)
 .text._ZN7libbase3k6014Mk60f15Lqfp1449GetSpiPcsENS0_3Pin4NameE
                0x0000cc74       0x14 C:\Users\Jake\workspace\libsccc\lib\libsccc-d-2017-inno.a(mk60f15_lqfp144-d-2017-inno.o)
                0x0000cc74                libbase::k60::Mk60f15Lqfp144::GetSpiPcs(libbase::k60::Pin::Name)
 .text._ZN7libbase3k6014Mk60f15Lqfp14412GetSpiPcsMuxENS0_3Pin4NameE
                0x0000cc88       0xa8 C:\Users\Jake\workspace\libsccc\lib\libsccc-d-2017-inno.a(mk60f15_lqfp144-d-2017-inno.o)
                0x0000cc88                libbase::k60::Mk60f15Lqfp144::GetSpiPcsMux(libbase::k60::Pin::Name)
 .text._ZN7libbase3k6014Mk60f15Lqfp14415GetDmaMuxSourceENS0_6DmaMux6SourceEj
                0x0000cd30       0xe4 C:\Users\Jake\workspace\libsccc\lib\libsccc-d-2017-inno.a(mk60f15_lqfp144-d-2017-inno.o)
                0x0000cd30                libbase::k60::Mk60f15Lqfp144::GetDmaMuxSource(libbase::k60::DmaMux::Source, unsigned int)
 .text._ZN7libbase3k6014Mk60f15Lqfp1447GetUartENS0_3Pin4NameE
                0x0000ce14       0x14 C:\Users\Jake\workspace\libsccc\lib\libsccc-d-2017-inno.a(mk60f15_lqfp144-d-2017-inno.o)
                0x0000ce14                libbase::k60::Mk60f15Lqfp144::GetUart(libbase::k60::Pin::Name)
 .text._ZN7libbase3k6014Mk60f15Lqfp14410GetUartMuxENS0_3Pin4NameE
                0x0000ce28        0xc C:\Users\Jake\workspace\libsccc\lib\libsccc-d-2017-inno.a(mk60f15_lqfp144-d-2017-inno.o)
                0x0000ce28                libbase::k60::Mk60f15Lqfp144::GetUartMux(libbase::k60::Pin::Name)
 .text._ZN7libbase3k6010ClockUtils12GetCoreClockEv
                0x0000ce34       0x34 C:\Users\Jake\workspace\libsccc\lib\libsccc-d-2017-inno.a(clock_utils-d-2017-inno.o)
                0x0000ce34                libbase::k60::ClockUtils::GetCoreClock()
 .text._ZN7libbase3k6010ClockUtils15GetCoreClockKhzEv
                0x0000ce68       0x68 C:\Users\Jake\workspace\libsccc\lib\libsccc-d-2017-inno.a(clock_utils-d-2017-inno.o)
                0x0000ce68                libbase::k60::ClockUtils::GetCoreClockKhz()
 .text._ZN7libbase3k6010ClockUtils15GetCoreClockMhzEv
                0x0000ced0       0x68 C:\Users\Jake\workspace\libsccc\lib\libsccc-d-2017-inno.a(clock_utils-d-2017-inno.o)
                0x0000ced0                libbase::k60::ClockUtils::GetCoreClockMhz()
 .text._ZN7libbase3k6010ClockUtils11GetBusClockEv
                0x0000cf38       0x80 C:\Users\Jake\workspace\libsccc\lib\libsccc-d-2017-inno.a(clock_utils-d-2017-inno.o)
                0x0000cf38                libbase::k60::ClockUtils::GetBusClock()
 .text._ZN7libbase3k6010ClockUtils14GetBusClockKhzEv
                0x0000cfb8       0x40 C:\Users\Jake\workspace\libsccc\lib\libsccc-d-2017-inno.a(clock_utils-d-2017-inno.o)
                0x0000cfb8                libbase::k60::ClockUtils::GetBusClockKhz()
 .text._ZN7libbase3k6010ClockUtils14GetBusClockMhzEv
                0x0000cff8       0x40 C:\Users\Jake\workspace\libsccc\lib\libsccc-d-2017-inno.a(clock_utils-d-2017-inno.o)
                0x0000cff8                libbase::k60::ClockUtils::GetBusClockMhz()
 .text._ZN7libbase3k603FtmC2Ev
                0x0000d038       0x28 C:\Users\Jake\workspace\libsccc\lib\libsccc-d-2017-inno.a(ftm-d-2017-inno.o)
                0x0000d038                libbase::k60::Ftm::Ftm()
                0x0000d038                libbase::k60::Ftm::Ftm()
 .text._ZN7libbase3k603Ftm6RegFtmENS1_4NameEb
                0x0000d060       0x64 C:\Users\Jake\workspace\libsccc\lib\libsccc-d-2017-inno.a(ftm-d-2017-inno.o)
                0x0000d060                libbase::k60::Ftm::RegFtm(libbase::k60::Ftm::Name, bool)
 .text._ZN7libbase3k603Ftm8UnregFtmENS1_4NameE
                0x0000d0c4       0x58 C:\Users\Jake\workspace\libsccc\lib\libsccc-d-2017-inno.a(ftm-d-2017-inno.o)
                0x0000d0c4                libbase::k60::Ftm::UnregFtm(libbase::k60::Ftm::Name)
 .text._ZN7libbase3k607SysTick10IrqHandlerEv
                0x0000d11c       0x54 C:\Users\Jake\workspace\libsccc\lib\libsccc-d-2017-inno.a(sys_tick-d-2017-inno.o)
                0x0000d11c                libbase::k60::SysTick::IrqHandler()
 .text._ZN7libbase3k607SysTick6SetIsrERKSt8functionIFvPS1_EE
                0x0000d170       0x94 C:\Users\Jake\workspace\libsccc\lib\libsccc-d-2017-inno.a(sys_tick-d-2017-inno.o)
                0x0000d170                libbase::k60::SysTick::SetIsr(std::function<void (libbase::k60::SysTick*)> const&)
 .text._ZN7libbase3k607SysTick9SetEnableEb
                0x0000d204       0x2c C:\Users\Jake\workspace\libsccc\lib\libsccc-d-2017-inno.a(sys_tick-d-2017-inno.o)
                0x0000d204                libbase::k60::SysTick::SetEnable(bool)
 .text._ZN7libbase3k607SysTick6UninitEv.part.4
                0x0000d230       0x34 C:\Users\Jake\workspace\libsccc\lib\libsccc-d-2017-inno.a(sys_tick-d-2017-inno.o)
 .text._ZN7libbase3k607SysTickD2Ev
                0x0000d264       0x20 C:\Users\Jake\workspace\libsccc\lib\libsccc-d-2017-inno.a(sys_tick-d-2017-inno.o)
                0x0000d264                libbase::k60::SysTick::~SysTick()
                0x0000d264                libbase::k60::SysTick::~SysTick()
 .text._ZN7libbase3k607SysTick8SetCountEm
                0x0000d284       0x44 C:\Users\Jake\workspace\libsccc\lib\libsccc-d-2017-inno.a(sys_tick-d-2017-inno.o)
                0x0000d284                libbase::k60::SysTick::SetCount(unsigned long)
 .text._ZN7libbase3k607SysTickC2ERKNS1_6ConfigE
                0x0000d2c8       0x74 C:\Users\Jake\workspace\libsccc\lib\libsccc-d-2017-inno.a(sys_tick-d-2017-inno.o)
                0x0000d2c8                libbase::k60::SysTick::SysTick(libbase::k60::SysTick::Config const&)
                0x0000d2c8                libbase::k60::SysTick::SysTick(libbase::k60::SysTick::Config const&)
 .text._Znwj    0x0000d33c       0x28 c:/program files (x86)/gnu tools arm embedded/4.8 2014q3/bin/../lib/gcc/arm-none-eabi/4.8.4/../../../../arm-none-eabi/lib/armv7e-m/fpu\libstdc++_s.a(new_op.o)
                0x0000d33c                operator new(unsigned int)
 .text._ZdlPv   0x0000d364        0x8 c:/program files (x86)/gnu tools arm embedded/4.8 2014q3/bin/../lib/gcc/arm-none-eabi/4.8.4/../../../../arm-none-eabi/lib/armv7e-m/fpu\libstdc++_s.a(del_op.o)
                0x0000d364                operator delete(void*)
 .text.__cxa_guard_acquire
                0x0000d36c       0x1c c:/program files (x86)/gnu tools arm embedded/4.8 2014q3/bin/../lib/gcc/arm-none-eabi/4.8.4/../../../../arm-none-eabi/lib/armv7e-m/fpu\libstdc++_s.a(guard.o)
                0x0000d36c                __cxa_guard_acquire
 .text.__cxa_guard_release
                0x0000d388        0x6 c:/program files (x86)/gnu tools arm embedded/4.8 2014q3/bin/../lib/gcc/arm-none-eabi/4.8.4/../../../../arm-none-eabi/lib/armv7e-m/fpu\libstdc++_s.a(guard.o)
                0x0000d388                __cxa_guard_release
 .text._ZdaPv   0x0000d38e        0x4 c:/program files (x86)/gnu tools arm embedded/4.8 2014q3/bin/../lib/gcc/arm-none-eabi/4.8.4/../../../../arm-none-eabi/lib/armv7e-m/fpu\libstdc++_s.a(del_opv.o)
                0x0000d38e                operator delete[](void*)
 *fill*         0x0000d392        0x2 
 .text.__cxa_pure_virtual
                0x0000d394       0x14 c:/program files (x86)/gnu tools arm embedded/4.8 2014q3/bin/../lib/gcc/arm-none-eabi/4.8.4/../../../../arm-none-eabi/lib/armv7e-m/fpu\libstdc++_s.a(pure.o)
                0x0000d394                __cxa_pure_virtual
 .text._Znaj    0x0000d3a8        0x4 c:/program files (x86)/gnu tools arm embedded/4.8 2014q3/bin/../lib/gcc/arm-none-eabi/4.8.4/../../../../arm-none-eabi/lib/armv7e-m/fpu\libstdc++_s.a(new_opv.o)
                0x0000d3a8                operator new[](unsigned int)
 .text._ZSt20__throw_length_errorPKc
                0x0000d3ac        0x6 c:/program files (x86)/gnu tools arm embedded/4.8 2014q3/bin/../lib/gcc/arm-none-eabi/4.8.4/../../../../arm-none-eabi/lib/armv7e-m/fpu\libstdc++_s.a(functexcept.o)
                0x0000d3ac                std::__throw_length_error(char const*)
 .text._ZSt25__throw_bad_function_callv
                0x0000d3b2        0x6 c:/program files (x86)/gnu tools arm embedded/4.8 2014q3/bin/../lib/gcc/arm-none-eabi/4.8.4/../../../../arm-none-eabi/lib/armv7e-m/fpu\libstdc++_s.a(functexcept.o)
                0x0000d3b2                std::__throw_bad_function_call()
 .text._ZNSs4_Rep10_M_destroyERKSaIcE
                0x0000d3b8        0x4 c:/program files (x86)/gnu tools arm embedded/4.8 2014q3/bin/../lib/gcc/arm-none-eabi/4.8.4/../../../../arm-none-eabi/lib/armv7e-m/fpu\libstdc++_s.a(string-inst.o)
                0x0000d3b8                std::string::_Rep::_M_destroy(std::allocator<char> const&)
 .text._ZN10__cxxabiv111__terminateEPFvvE
                0x0000d3bc        0x8 c:/program files (x86)/gnu tools arm embedded/4.8 2014q3/bin/../lib/gcc/arm-none-eabi/4.8.4/../../../../arm-none-eabi/lib/armv7e-m/fpu\libstdc++_s.a(eh_terminate.o)
                0x0000d3bc                __cxxabiv1::__terminate(void (*)())
 .text._ZSt9terminatev
                0x0000d3c4       0x10 c:/program files (x86)/gnu tools arm embedded/4.8 2014q3/bin/../lib/gcc/arm-none-eabi/4.8.4/../../../../arm-none-eabi/lib/armv7e-m/fpu\libstdc++_s.a(eh_terminate.o)
                0x0000d3c4                std::terminate()
 .text._ZN9__gnu_cxx27__verbose_terminate_handlerEv
                0x0000d3d4       0x98 c:/program files (x86)/gnu tools arm embedded/4.8 2014q3/bin/../lib/gcc/arm-none-eabi/4.8.4/../../../../arm-none-eabi/lib/armv7e-m/fpu\libstdc++_s.a(vterminate.o)
                0x0000d3d4                __gnu_cxx::__verbose_terminate_handler()
 .text.__cxa_current_exception_type
                0x0000d46c       0x1a c:/program files (x86)/gnu tools arm embedded/4.8 2014q3/bin/../lib/gcc/arm-none-eabi/4.8.4/../../../../arm-none-eabi/lib/armv7e-m/fpu\libstdc++_s.a(eh_type.o)
                0x0000d46c                __cxa_current_exception_type
 *fill*         0x0000d486        0x2 
 .text.__cxa_get_globals
                0x0000d488        0x8 c:/program files (x86)/gnu tools arm embedded/4.8 2014q3/bin/../lib/gcc/arm-none-eabi/4.8.4/../../../../arm-none-eabi/lib/armv7e-m/fpu\libstdc++_s.a(eh_globals.o)
                0x0000d488                __cxa_get_globals
 .text.modff    0x0000d490       0x5c c:/program files (x86)/gnu tools arm embedded/4.8 2014q3/bin/../lib/gcc/arm-none-eabi/4.8.4/../../../../arm-none-eabi/lib/armv7e-m/fpu\libm.a(lib_a-sf_modf.o)
                0x0000d490                modff
 .text.roundf   0x0000d4ec       0x54 c:/program files (x86)/gnu tools arm embedded/4.8 2014q3/bin/../lib/gcc/arm-none-eabi/4.8.4/../../../../arm-none-eabi/lib/armv7e-m/fpu\libm.a(lib_a-sf_round.o)
                0x0000d4ec                roundf
 .text.abort    0x0000d540        0xe c:/program files (x86)/gnu tools arm embedded/4.8 2014q3/bin/../lib/gcc/arm-none-eabi/4.8.4/../../../../arm-none-eabi/lib/armv7e-m/fpu\libc_s.a(lib_a-abort.o)
                0x0000d540                abort
 *fill*         0x0000d54e        0x2 
 .text._fputs_r
                0x0000d550       0xa8 c:/program files (x86)/gnu tools arm embedded/4.8 2014q3/bin/../lib/gcc/arm-none-eabi/4.8.4/../../../../arm-none-eabi/lib/armv7e-m/fpu\libc_s.a(lib_a-fputs.o)
                0x0000d550                _fputs_r
 .text.fputs    0x0000d5f8       0x14 c:/program files (x86)/gnu tools arm embedded/4.8 2014q3/bin/../lib/gcc/arm-none-eabi/4.8.4/../../../../arm-none-eabi/lib/armv7e-m/fpu\libc_s.a(lib_a-fputs.o)
                0x0000d5f8                fputs
 .text.__libc_init_array
                0x0000d60c       0x4c c:/program files (x86)/gnu tools arm embedded/4.8 2014q3/bin/../lib/gcc/arm-none-eabi/4.8.4/../../../../arm-none-eabi/lib/armv7e-m/fpu\libc_s.a(lib_a-init.o)
                0x0000d60c                __libc_init_array
 .text.malloc   0x0000d658       0x10 c:/program files (x86)/gnu tools arm embedded/4.8 2014q3/bin/../lib/gcc/arm-none-eabi/4.8.4/../../../../arm-none-eabi/lib/armv7e-m/fpu\libc_s.a(lib_a-malloc.o)
                0x0000d658                malloc
 .text.free     0x0000d668       0x10 c:/program files (x86)/gnu tools arm embedded/4.8 2014q3/bin/../lib/gcc/arm-none-eabi/4.8.4/../../../../arm-none-eabi/lib/armv7e-m/fpu\libc_s.a(lib_a-malloc.o)
                0x0000d668                free
 .text.memchr   0x0000d678       0x1e c:/program files (x86)/gnu tools arm embedded/4.8 2014q3/bin/../lib/gcc/arm-none-eabi/4.8.4/../../../../arm-none-eabi/lib/armv7e-m/fpu\libc_s.a(lib_a-memchr-stub.o)
                0x0000d678                memchr
 .text.memcmp   0x0000d696       0x1e c:/program files (x86)/gnu tools arm embedded/4.8 2014q3/bin/../lib/gcc/arm-none-eabi/4.8.4/../../../../arm-none-eabi/lib/armv7e-m/fpu\libc_s.a(lib_a-memcmp.o)
                0x0000d696                memcmp
 .text.memcpy   0x0000d6b4       0x12 c:/program files (x86)/gnu tools arm embedded/4.8 2014q3/bin/../lib/gcc/arm-none-eabi/4.8.4/../../../../arm-none-eabi/lib/armv7e-m/fpu\libc_s.a(lib_a-memcpy-stub.o)
                0x0000d6b4                memcpy
 .text.memmove  0x0000d6c6       0x36 c:/program files (x86)/gnu tools arm embedded/4.8 2014q3/bin/../lib/gcc/arm-none-eabi/4.8.4/../../../../arm-none-eabi/lib/armv7e-m/fpu\libc_s.a(lib_a-memmove.o)
                0x0000d6c6                memmove
 .text.memset   0x0000d6fc       0x10 c:/program files (x86)/gnu tools arm embedded/4.8 2014q3/bin/../lib/gcc/arm-none-eabi/4.8.4/../../../../arm-none-eabi/lib/armv7e-m/fpu\libc_s.a(lib_a-memset.o)
                0x0000d6fc                memset
 .text._free_r  0x0000d70c       0x88 c:/program files (x86)/gnu tools arm embedded/4.8 2014q3/bin/../lib/gcc/arm-none-eabi/4.8.4/../../../../arm-none-eabi/lib/armv7e-m/fpu\libc_s.a(lib_a-nano-freer.o)
                0x0000d70c                _free_r
 .text._malloc_r
                0x0000d794       0xa8 c:/program files (x86)/gnu tools arm embedded/4.8 2014q3/bin/../lib/gcc/arm-none-eabi/4.8.4/../../../../arm-none-eabi/lib/armv7e-m/fpu\libc_s.a(lib_a-nano-mallocr.o)
                0x0000d794                _malloc_r
 .text.printf   0x0000d83c       0x30 c:/program files (x86)/gnu tools arm embedded/4.8 2014q3/bin/../lib/gcc/arm-none-eabi/4.8.4/../../../../arm-none-eabi/lib/armv7e-m/fpu\libc_s.a(lib_a-printf.o)
                0x0000d83c                iprintf
                0x0000d83c                printf
 .text._puts_r  0x0000d86c       0xc0 c:/program files (x86)/gnu tools arm embedded/4.8 2014q3/bin/../lib/gcc/arm-none-eabi/4.8.4/../../../../arm-none-eabi/lib/armv7e-m/fpu\libc_s.a(lib_a-puts.o)
                0x0000d86c                _puts_r
 .text.puts     0x0000d92c       0x10 c:/program files (x86)/gnu tools arm embedded/4.8 2014q3/bin/../lib/gcc/arm-none-eabi/4.8.4/../../../../arm-none-eabi/lib/armv7e-m/fpu\libc_s.a(lib_a-puts.o)
                0x0000d92c                puts
 .text.realloc  0x0000d93c       0x14 c:/program files (x86)/gnu tools arm embedded/4.8 2014q3/bin/../lib/gcc/arm-none-eabi/4.8.4/../../../../arm-none-eabi/lib/armv7e-m/fpu\libc_s.a(lib_a-realloc.o)
                0x0000d93c                realloc
 .text._sbrk_r  0x0000d950       0x20 c:/program files (x86)/gnu tools arm embedded/4.8 2014q3/bin/../lib/gcc/arm-none-eabi/4.8.4/../../../../arm-none-eabi/lib/armv7e-m/fpu\libc_s.a(lib_a-sbrkr.o)
                0x0000d950                _sbrk_r
 .text._raise_r
                0x0000d970       0x50 c:/program files (x86)/gnu tools arm embedded/4.8 2014q3/bin/../lib/gcc/arm-none-eabi/4.8.4/../../../../arm-none-eabi/lib/armv7e-m/fpu\libc_s.a(lib_a-signal.o)
                0x0000d970                _raise_r
 .text.raise    0x0000d9c0       0x10 c:/program files (x86)/gnu tools arm embedded/4.8 2014q3/bin/../lib/gcc/arm-none-eabi/4.8.4/../../../../arm-none-eabi/lib/armv7e-m/fpu\libc_s.a(lib_a-signal.o)
                0x0000d9c0                raise
 .text._kill_r  0x0000d9d0       0x24 c:/program files (x86)/gnu tools arm embedded/4.8 2014q3/bin/../lib/gcc/arm-none-eabi/4.8.4/../../../../arm-none-eabi/lib/armv7e-m/fpu\libc_s.a(lib_a-signalr.o)
                0x0000d9d0                _kill_r
 .text._getpid_r
                0x0000d9f4        0x4 c:/program files (x86)/gnu tools arm embedded/4.8 2014q3/bin/../lib/gcc/arm-none-eabi/4.8.4/../../../../arm-none-eabi/lib/armv7e-m/fpu\libc_s.a(lib_a-signalr.o)
                0x0000d9f4                _getpid_r